c[?7l[2J[0mSeaBIOS (version rel-1.16.3-0-ga6ed6b701f0a-prebuilt.qemu.org)


iPXE (http://ipxe.org) 00:03.0 CA00 PCI2.10 PnP PMM+7EFD0D60+7EF30D60 CA00
Press Ctrl-B to configure iPXE (PCI 00:03.0)...                                                                               


Booting from ROM...
c[?7l[2J[    0.000000] Linux version 7.1.0-rc2-next-20260505-next-2026050 (root@gnr-800442) (gcc (GCC) 11.5.0 20240719 (Red Hat 11.5.0-14), GNU ld version 2.35.2-66.el9) #1 SMP PREEMPT_DYNAMIC Wed May  6 09:18:03 CST 2026
[    0.000000] Command line: console=ttyS0 root=/dev/sda earlyprintk=serial net.ifnames=0 thunderbolt.dyndbg
[    0.000000] KERNEL supported cpus:
[    0.000000]   Intel GenuineIntel
[    0.000000]   AMD AuthenticAMD
[    0.000000]   Hygon HygonGenuine
[    0.000000]   Centaur CentaurHauls
[    0.000000]   zhaoxin   Shanghai  
[    0.000000] x86/CPU: Model not found in latest microcode list
[    0.000000] x86/split lock detection: #DB: warning on user-space bus_locks
[    0.000000] BIOS-provided physical RAM map:
[    0.000000] BIOS-e820: [mem 0x0000000000000000-0x000000000009fbff]  System RAM
[    0.000000] BIOS-e820: [mem 0x000000000009fc00-0x000000000009ffff]  device reserved
[    0.000000] BIOS-e820: [gap 0x00000000000a0000-0x00000000000effff]
[    0.000000] BIOS-e820: [mem 0x00000000000f0000-0x00000000000fffff]  device reserved
[    0.000000] BIOS-e820: [mem 0x0000000000100000-0x000000007ffdffff]  System RAM
[    0.000000] BIOS-e820: [mem 0x000000007ffe0000-0x000000007fffffff]  device reserved
[    0.000000] BIOS-e820: [gap 0x0000000080000000-0x00000000feffbfff]
[    0.000000] BIOS-e820: [mem 0x00000000feffc000-0x00000000feffffff]  device reserved
[    0.000000] BIOS-e820: [gap 0x00000000ff000000-0x00000000fffbffff]
[    0.000000] BIOS-e820: [mem 0x00000000fffc0000-0x00000000ffffffff]  device reserved
[    0.000000] printk: legacy bootconsole [earlyser0] enabled
[    0.000000] NX (Execute Disable) protection: active
[    0.000000] APIC: Static calls initialized
[    0.000000] DMI: SMBIOS 3.0.0 present.
[    0.000000] DMI: QEMU Standard PC (i440FX + PIIX, 1996), BIOS rel-1.16.3-0-ga6ed6b701f0a-prebuilt.qemu.org 04/01/2014
[    0.000000] DMI: Memory slots populated: 1/1
[    0.000000] Hypervisor detected: KVM
[    0.000000] last_pfn = 0x7ffe0 max_arch_pfn = 0x10000000000
[    0.000000] kvm-clock: Using msrs 4b564d01 and 4b564d00
[    0.000003] kvm-clock: using sched offset of 774115546 cycles
[    0.000529] clocksource: kvm-clock: mask: 0xffffffffffffffff max_cycles: 0x1cd42e4dffb, max_idle_ns: 881590591483 ns
[    0.002152] tsc: Detected 2500.000 MHz processor
[    0.011565] last_pfn = 0x7ffe0 max_arch_pfn = 0x10000000000
[    0.012141] MTRR map: 4 entries (3 fixed + 1 variable; max 19), built from 8 variable MTRRs
[    0.012972] x86/PAT: Configuration [0-7]: WB  WC  UC- UC  WB  WP  UC- WT  
[    0.018938] found SMP MP-table at [mem 0x000f5480-0x000f548f]
[    0.019531] Using GB pages for direct mapping
[    0.022325] ACPI: Early table checksum verification disabled
[    0.022894] ACPI: RSDP 0x00000000000F52A0 000014 (v00 BOCHS )
[    0.023480] ACPI: RSDT 0x000000007FFE1C9B 000034 (v01 BOCHS  BXPC     00000001 BXPC 00000001)
[    0.024348] ACPI: FACP 0x000000007FFE1B47 000074 (v01 BOCHS  BXPC     00000001 BXPC 00000001)
[    0.025219] ACPI: DSDT 0x000000007FFE0040 001B07 (v01 BOCHS  BXPC     00000001 BXPC 00000001)
[    0.026084] ACPI: FACS 0x000000007FFE0000 000040
[    0.026559] ACPI: APIC 0x000000007FFE1BBB 000080 (v03 BOCHS  BXPC     00000001 BXPC 00000001)
[    0.027426] ACPI: HPET 0x000000007FFE1C3B 000038 (v01 BOCHS  BXPC     00000001 BXPC 00000001)
[    0.028286] ACPI: WAET 0x000000007FFE1C73 000028 (v01 BOCHS  BXPC     00000001 BXPC 00000001)
[    0.029144] ACPI: Reserving FACP table memory at [mem 0x7ffe1b47-0x7ffe1bba]
[    0.029847] ACPI: Reserving DSDT table memory at [mem 0x7ffe0040-0x7ffe1b46]
[    0.030550] ACPI: Reserving FACS table memory at [mem 0x7ffe0000-0x7ffe003f]
[    0.031256] ACPI: Reserving APIC table memory at [mem 0x7ffe1bbb-0x7ffe1c3a]
[    0.031958] ACPI: Reserving HPET table memory at [mem 0x7ffe1c3b-0x7ffe1c72]
[    0.032660] ACPI: Reserving WAET table memory at [mem 0x7ffe1c73-0x7ffe1c9a]
[    0.033936] No NUMA configuration found
[    0.034321] Faking a node at [mem 0x0000000000000000-0x000000007ffdffff]
[    0.035018] NODE_DATA(0) allocated [mem 0x7ffb4bc0-0x7ffdfcbf]
[    0.085098] KernelAddressSanitizer initialized (generic)
[    0.085966] ACPI: PM-Timer IO Port: 0x608
[    0.086402] ACPI: LAPIC_NMI (acpi_id[0xff] dfl dfl lint[0x1])
[    0.087040] IOAPIC[0]: apic_id 0, version 17, address 0xfec00000, GSI 0-23
[    0.087753] ACPI: INT_SRC_OVR (bus 0 bus_irq 0 global_irq 2 dfl dfl)
[    0.088401] ACPI: INT_SRC_OVR (bus 0 bus_irq 5 global_irq 5 high level)
[    0.089084] ACPI: INT_SRC_OVR (bus 0 bus_irq 9 global_irq 9 high level)
[    0.089760] ACPI: INT_SRC_OVR (bus 0 bus_irq 10 global_irq 10 high level)
[    0.090441] ACPI: INT_SRC_OVR (bus 0 bus_irq 11 global_irq 11 high level)
[    0.091088] ACPI: Using ACPI (MADT) for SMP configuration information
[    0.091674] ACPI: HPET id: 0x8086a201 base: 0xfed00000
[    0.092184] TSC deadline timer available
[    0.092578] CPU topo: Max. logical packages:   1
[    0.093022] CPU topo: Max. logical nodes:      1
[    0.093445] CPU topo: Num. nodes per package:  1
[    0.093871] CPU topo: Max. logical dies:       1
[    0.094320] CPU topo: Max. dies per package:   1
[    0.094793] CPU topo: Max. threads per core:   1
[    0.095259] CPU topo: Num. cores per package:     2
[    0.095744] CPU topo: Num. threads per package:   2
[    0.096238] CPU topo: Allowing 2 present CPUs plus 0 hotplug CPUs
[    0.096883] kvm-guest: APIC: eoi() replaced with kvm_guest_apic_eoi_write()
[    0.097608] kvm-guest: KVM setup pv remote TLB flush
[    0.098103] kvm-guest: setup PV sched yield
[    0.098555] PM: hibernation: Registered nosave memory: [mem 0x00000000-0x00000fff]
[    0.099311] PM: hibernation: Registered nosave memory: [mem 0x0009f000-0x000fffff]
[    0.100067] [gap 0x80000000-0xfeffbfff] available for PCI devices
[    0.100671] Booting paravirtualized kernel on KVM
[    0.101147] clocksource: refined-jiffies: mask: 0xffffffff max_cycles: 0xffffffff, max_idle_ns: 7645519600211568 ns
[    0.102653] Zone ranges:
[    0.102934]   DMA      [mem 0x0000000000001000-0x0000000000ffffff]
[    0.103552]   DMA32    [mem 0x0000000001000000-0x000000007ffdffff]
[    0.104174]   Normal   empty
[    0.104466]   Device   empty
[    0.104759] Movable zone start for each node
[    0.105203] Early memory node ranges
[    0.105557]   node   0: [mem 0x0000000000001000-0x000000000009efff]
[    0.106181]   node   0: [mem 0x0000000000100000-0x000000007ffdffff]
[    0.106800] Initmem setup node 0 [mem 0x0000000000001000-0x000000007ffdffff]
[    0.107715] On node 0, zone DMA: 1 pages in unavailable ranges
[    0.108521] On node 0, zone DMA: 97 pages in unavailable ranges
[    0.138784] On node 0, zone DMA32: 32 pages in unavailable ranges
[    0.139419] setup_percpu: NR_CPUS:8192 nr_cpumask_bits:2 nr_cpu_ids:2 nr_node_ids:1
[    0.140620] percpu: Embedded 81 pages/cpu s294912 r8192 d28672 u1048576
[    0.141478] kvm-guest: PV spinlocks enabled
[    0.141905] PV qspinlock hash table entries: 256 (order: 0, 4096 bytes, linear)
[    0.142653] Kernel command line: net.ifnames=0 console=ttyS0 root=/dev/sda earlyprintk=serial net.ifnames=0 thunderbolt.dyndbg
[    0.144087] random: crng init done
[    0.144432] printk: log buffer data + meta data: 262144 + 1114112 = 1376256 bytes
[    0.145526] Dentry cache hash table entries: 262144 (order: 9, 2097152 bytes, linear)
[    0.146626] Inode-cache hash table entries: 131072 (order: 8, 1048576 bytes, linear)
[    0.147705] Fallback order for Node 0: 0 
[    0.147717] Built 1 zonelists, mobility grouping on.  Total pages: 524158
[    0.148780] Policy zone: DMA32
[    0.149090] mem auto-init: stack:off, heap alloc:off, heap free:off
[    0.149698] stackdepot: allocating hash table via alloc_large_system_hash
[    0.150367] stackdepot hash table entries: 1048576 (order: 12, 16777216 bytes, linear)
[    0.153889] stackdepot: allocating space for 8192 stack pools via memblock
[    0.191020] SLUB: HWalign=64, Order=0-3, MinObjects=0, CPUs=2, Nodes=1
[    0.191654] kmemleak: Kernel memory leak detector disabled
[    0.232009] ftrace: allocating 76414 entries in 300 pages
[    0.232486] ftrace: allocated 300 pages with 4 groups
[    0.235937] Dynamic Preempt: lazy
[    0.236875] Running RCU self tests
[    0.237205] Running RCU synchronous self tests
[    0.237628] rcu: Preemptible hierarchical RCU implementation.
[    0.238179] rcu: 	RCU lockdep checking is enabled.
[    0.238636] rcu: 	RCU restricting CPUs from NR_CPUS=8192 to nr_cpu_ids=2.
[    0.239300] 	Trampoline variant of Tasks RCU enabled.
[    0.239782] 	Rude variant of Tasks RCU enabled.
[    0.240219] 	Tracing variant of Tasks RCU enabled.
[    0.240675] rcu: RCU calculated value of scheduler-enlistment delay is 25 jiffies.
[    0.241395] rcu: Adjusting geometry for rcu_fanout_leaf=16, nr_cpu_ids=2
[    0.242123] Running RCU synchronous self tests
[    0.242549] RCU Tasks: Setting shift to 1 and lim to 1 rcu_task_cb_adjust=1 rcu_task_cpu_ids=2.
[    0.243393] RCU Tasks Rude: Setting shift to 1 and lim to 1 rcu_task_cb_adjust=1 rcu_task_cpu_ids=2.
[    0.326700] NR_IRQS: 524544, nr_irqs: 440, preallocated irqs: 16
[    0.327934] rcu: srcu_init: Setting srcu_struct sizes based on contention.
[    0.337637] Console: colour VGA+ 80x25
[    0.338075] printk: legacy console [ttyS0] enabled
[    0.338075] printk: legacy console [ttyS0] enabled
[    0.339027] printk: legacy bootconsole [earlyser0] disabled
[    0.339027] printk: legacy bootconsole [earlyser0] disabled
[    0.340148] Lock dependency validator: Copyright (c) 2006 Red Hat, Inc., Ingo Molnar
[    0.340915] ... MAX_LOCKDEP_SUBCLASSES:  8
[    0.341334] ... MAX_LOCK_DEPTH:          48
[    0.341761] ... MAX_LOCKDEP_KEYS:        8192
[    0.342209] ... CLASSHASH_SIZE:          4096
[    0.342652] ... MAX_LOCKDEP_ENTRIES:     32768
[    0.343108] ... MAX_LOCKDEP_CHAINS:      65536
[    0.343555] ... CHAINHASH_SIZE:          32768
[    0.344008]  memory used by lock dependency info: 6429 kB
[    0.344550]  memory used for stack traces: 16896 kB
[    0.345046]  per task-struct memory footprint: 1920 bytes
[    0.345701] ACPI: Core revision 20251212
[    0.346623] clocksource: hpet: mask: 0xffffffff max_cycles: 0xffffffff, max_idle_ns: 19112604467 ns
[    0.347713] APIC: Switch to symmetric I/O mode setup
[    0.348403] x2apic enabled
[    0.349096] APIC: Switched APIC routing to: physical x2apic
[    0.349659] kvm-guest: APIC: send_IPI_mask() replaced with kvm_send_ipi_mask()
[    0.350393] kvm-guest: APIC: send_IPI_mask_allbutself() replaced with kvm_send_ipi_mask_allbutself()
[    0.351300] kvm-guest: setup PV IPIs
[    0.352930] ..TIMER: vector=0x30 apic1=0 pin1=2 apic2=-1 pin2=-1
[    0.353538] clocksource: tsc-early: mask: 0xffffffffffffffff max_cycles: 0x240939f1bb2, max_idle_ns: 440795263295 ns
[    0.354596] Calibrating delay loop (skipped) preset value.. 5000.00 BogoMIPS (lpj=10000000)
[    0.355598] x86/cpu: User Mode Instruction Prevention (UMIP) activated
[    0.358687] Last level iTLB entries: 4KB 0, 2MB 0, 4MB 0
[    0.359221] Last level dTLB entries: 4KB 0, 2MB 0, 4MB 0, 1GB 0
[    0.359844] mitigations: Enabled attack vectors: user_kernel, user_user, guest_host, guest_guest, SMT mitigations: auto
[    0.360940] Speculative Store Bypass: Mitigation: Speculative Store Bypass disabled via prctl
[    0.361786] Spectre V2 : Mitigation: Enhanced / Automatic IBRS
[    0.362592] ITS: Mitigation: Aligned branch/return thunks
[    0.363137] Spectre V1 : Mitigation: usercopy/swapgs barriers and __user pointer sanitization
[    0.363985] Spectre V2 : WARNING: Unprivileged eBPF is enabled with eIBRS on, data leaks possible via Spectre v2 BHB attacks!
[    0.365095] Spectre V2 : Spectre v2 / PBRSB-eIBRS: Retire a single CALL on VMEXIT
[    0.365817] Spectre V2 : mitigation: Enabling conditional Indirect Branch Prediction Barrier
[    0.366596] active return thunk: its_return_thunk
[    0.367080] Spectre V2 : Spectre BHI mitigation: SW BHB clearing on syscall and VM exit
[    0.367901] x86/fpu: Supporting XSAVE feature 0x001: 'x87 floating point registers'
[    0.368642] x86/fpu: Supporting XSAVE feature 0x002: 'SSE registers'
[    0.369264] x86/fpu: Supporting XSAVE feature 0x004: 'AVX registers'
[    0.369880] x86/fpu: Supporting XSAVE feature 0x020: 'AVX-512 opmask'
[    0.370591] x86/fpu: Supporting XSAVE feature 0x040: 'AVX-512 Hi256'
[    0.371210] x86/fpu: Supporting XSAVE feature 0x080: 'AVX-512 ZMM_Hi256'
[    0.371860] x86/fpu: Supporting XSAVE feature 0x200: 'Protection Keys User registers'
[    0.372616] x86/fpu: Supporting XSAVE feature 0x20000: 'AMX Tile config'
[    0.373263] x86/fpu: Supporting XSAVE feature 0x40000: 'AMX Tile data'
[    0.373899] x86/fpu: xstate_offset[2]:  576, xstate_sizes[2]:  256
[    0.374591] x86/fpu: xstate_offset[5]:  832, xstate_sizes[5]:   64
[    0.375197] x86/fpu: xstate_offset[6]:  896, xstate_sizes[6]:  512
[    0.375805] x86/fpu: xstate_offset[7]: 1408, xstate_sizes[7]: 1024
[    0.376400] x86/fpu: xstate_offset[9]: 2432, xstate_sizes[9]:    8
[    0.377000] x86/fpu: xstate_offset[17]: 2496, xstate_sizes[17]:   64
[    0.377622] x86/fpu: xstate_offset[18]: 2560, xstate_sizes[18]: 8192
[    0.378593] x86/fpu: Enabled xstate features 0x602e7, context size is 10752 bytes, using 'compacted' format.
[    0.553256] pid_max: default: 32768 minimum: 301
[    0.554171] Yama: becoming mindful.
[    0.555017] Mount-cache hash table entries: 4096 (order: 3, 32768 bytes, linear)
[    0.555734] Mountpoint-cache hash table entries: 4096 (order: 3, 32768 bytes, linear)
[    0.557148] VFS: Finished mounting rootfs on nullfs
[    0.559025] Running RCU synchronous self tests
[    0.559466] Running RCU synchronous self tests
[    0.560242] smpboot: CPU0: Intel GENUINE INTEL(R) XEON(R) (family: 0x6, model: 0xad, stepping: 0x0)
[    0.561947] Performance Events: PEBS fmt0-, Granite Rapids events, 
[    0.562036] core: The event 0x400 is not supported as a normal event.
[    0.562583] core: The event 0x8000 is not supported as a normal event.
[    0.562583] core: The event 0x8100 is not supported as a normal event.
[    0.562601] core: The event 0x8200 is not supported as a normal event.
[    0.563227] core: The event 0x8300 is not supported as a normal event.
[    0.563853] core: The event 0x8400 is not supported as a normal event.
[    0.564477] core: The event 0x8500 is not supported as a normal event.
[    0.565101] core: The event 0x8600 is not supported as a normal event.
[    0.565723] core: The event 0x8700 is not supported as a normal event.
[    0.566371] full-width counters, Intel PMU driver.
[    0.566595] ... version:                   2
[    0.567010] ... bit width:                 48
[    0.567428] ... generic counters:          8
[    0.567845] ... generic bitmap:            00000000000000ff
[    0.568380] ... fixed-purpose counters:    3
[    0.568797] ... fixed-purpose bitmap:      0000000000000007
[    0.569330] ... value mask:                0000ffffffffffff
[    0.569867] ... max period:                00007fffffffffff
[    0.570400] ... global_ctrl mask:          00000007000000ff
[    0.571124] signal: max sigframe size: 11952
[    0.571703] rcu: Hierarchical SRCU implementation.
[    0.572177] rcu: 	Max phase no-delay instances is 1000.
[    0.572896] Timer migration: 1 hierarchy levels; 8 children per group; 1 crossnode level
[    0.596712] smp: Bringing up secondary CPUs ...
[    0.597782] smpboot: x86: Booting SMP configuration:
[    0.598293] .... node  #0, CPUs:      #1
[    0.598843] smp: Brought up 1 node, 2 CPUs
[    0.599531] smpboot: Total of 2 processors activated (10000.00 BogoMIPS)
[    0.601019] Memory: 1572568K/2096632K available (82058K kernel code, 15902K rwdata, 19588K rodata, 16724K init, 34544K bss, 511688K reserved, 0K cma-reserved)
[    0.603557] devtmpfs: initialized
[    0.603788] x86/mm: Memory block size: 128MB
[    0.616074] Running RCU synchronous self tests
[    0.616074] Running RCU synchronous self tests
[    0.618685] Running RCU Tasks wait API self tests
[    0.619159] Running RCU Tasks Rude wait API self tests
[    0.619159] Running RCU Tasks Trace wait API self tests
[    0.619734] clocksource: jiffies: mask: 0xffffffff max_cycles: 0xffffffff, max_idle_ns: 7645041785100000 ns
[    0.619734] posixtimers hash table entries: 1024 (order: 5, 73728 bytes, linear)
[    0.622648] futex hash table entries: 512 (65536 bytes on 1 NUMA nodes, total 64 KiB, linear).
[    0.625656] 
[    0.625823] *************************************************************
[    0.626495] **     NOTICE NOTICE NOTICE NOTICE NOTICE NOTICE NOTICE    **
[    0.626616] **                                                         **
[    0.627292] **  IOMMU DebugFS SUPPORT HAS BEEN ENABLED IN THIS KERNEL  **
[    0.627930] **                                                         **
[    0.628555] ** This means that this kernel is built to expose internal **
[    0.629223] ** IOMMU data structures, which may compromise security on **
[    0.629902] ** your system.                                            **
[    0.630583] **                                                         **
[    0.631260] ** If you see this message and you are not debugging the   **
[    0.631902] ** kernel, report this immediately to your vendor!         **
[    0.632552] **                                                         **
[    0.633230] **     NOTICE NOTICE NOTICE NOTICE NOTICE NOTICE NOTICE    **
[    0.633899] *************************************************************
[    0.634606] PM: RTC time: 01:19:27, date: 2026-05-06
[    0.637619] NET: Registered PF_NETLINK/PF_ROUTE protocol family
[    0.640038] DMA: preallocated 256 KiB GFP_KERNEL|GFP_DMA pool for atomic allocations
[    0.640777] DMA: preallocated 256 KiB GFP_KERNEL|GFP_DMA32 pool for atomic allocations
[    0.641583] audit: initializing netlink subsys (disabled)
[    0.642129] audit: type=2000 audit(1778030367.970:1): state=initialized audit_enabled=0 res=1
[    0.642129] thermal_sys: Registered thermal governor 'fair_share'
[    0.642129] thermal_sys: Registered thermal governor 'bang_bang'
[    0.642129] thermal_sys: Registered thermal governor 'step_wise'
[    0.642129] thermal_sys: Registered thermal governor 'user_space'
[    0.642657] cpuidle: using governor ladder
[    0.646635] Callback from call_rcu_tasks_trace() invoked.
[    0.647456] cpuidle: using governor menu
[    0.647456] Freeing SMP alternatives memory: 64K
[    0.648015] acpiphp: ACPI Hot Plug PCI Controller Driver version: 0.5
[    0.651463] PCI: Using configuration type 1 for base access
[    0.652246] virt/tdx: TDX not supported by the host platform
[    0.652952] kprobes: kprobe jump-optimization is enabled. All kprobes are optimized if possible.
[    0.659006] HugeTLB: registered 1.00 GiB page size, pre-allocated 0 pages
[    0.659452] HugeTLB: 16380 KiB vmemmap can be freed for a 1.00 GiB page
[    0.662593] HugeTLB: registered 2.00 MiB page size, pre-allocated 0 pages
[    0.662593] HugeTLB: 28 KiB vmemmap can be freed for a 2.00 MiB page
[    0.712866] ACPI: Added _OSI(Module Device)
[    0.713313] ACPI: Added _OSI(Processor Device)
[    0.713764] ACPI: Added _OSI(Processor Aggregator Device)
[    0.757646] ACPI: 1 ACPI AML tables successfully acquired and loaded
[    0.769206] ACPI: \_SB_: platform _OSC: OS support mask [002e7eff]
[    0.772956] ACPI: Interpreter enabled
[    0.773484] ACPI: PM: (supports S0 S3 S4 S5)
[    0.773914] ACPI: Using IOAPIC for interrupt routing
[    0.774527] PCI: Using host bridge windows from ACPI; if necessary, use "pci=nocrs" and report a bug
[    0.774590] PCI: Using E820 reservations for host bridge windows
[    0.776702] ACPI: Enabled 2 GPEs in block 00 to 0F
[    0.858169] ACPI: PCI Root Bridge [PCI0] (domain 0000 [bus 00-ff])
[    0.858640] acpi PNP0A03:00: _OSC: OS supports [ASPM ClockPM Segments MSI EDR HPX-Type3]
[    0.859416] acpi PNP0A03:00: _OSC: not requesting OS control; OS requires [ExtendedConfig ASPM ClockPM MSI]
[    0.860426] acpi PNP0A03:00: _OSC: platform retains control of PCIe features (AE_ERROR)
[    0.861325] acpi PNP0A03:00: fail to add MMCONFIG information, can't access extended configuration space under this bridge
[    0.868549] acpiphp: Slot [3] registered
[    0.869105] acpiphp: Slot [4] registered
[    0.869660] acpiphp: Slot [5] registered
[    0.870220] acpiphp: Slot [6] registered
[    0.870758] acpiphp: Slot [7] registered
[    0.871319] acpiphp: Slot [8] registered
[    0.871883] acpiphp: Slot [9] registered
[    0.872442] acpiphp: Slot [10] registered
[    0.873010] acpiphp: Slot [11] registered
[    0.873572] acpiphp: Slot [12] registered
[    0.874137] acpiphp: Slot [13] registered
[    0.874709] acpiphp: Slot [14] registered
[    0.875273] acpiphp: Slot [15] registered
[    0.875835] acpiphp: Slot [16] registered
[    0.876401] acpiphp: Slot [17] registered
[    0.876969] acpiphp: Slot [18] registered
[    0.877526] acpiphp: Slot [19] registered
[    0.878093] acpiphp: Slot [20] registered
[    0.878656] acpiphp: Slot [21] registered
[    0.879220] acpiphp: Slot [22] registered
[    0.879780] acpiphp: Slot [23] registered
[    0.880341] acpiphp: Slot [24] registered
[    0.880905] acpiphp: Slot [25] registered
[    0.881474] acpiphp: Slot [26] registered
[    0.882036] acpiphp: Slot [27] registered
[    0.882602] acpiphp: Slot [28] registered
[    0.883169] acpiphp: Slot [29] registered
[    0.883731] acpiphp: Slot [30] registered
[    0.884293] acpiphp: Slot [31] registered
[    0.884764] PCI host bridge to bus 0000:00
[    0.885238] pci_bus 0000:00: root bus resource [io  0x0000-0x0cf7 window]
[    0.885915] pci_bus 0000:00: root bus resource [io  0x0d00-0xffff window]
[    0.886579] pci_bus 0000:00: root bus resource [mem 0x000a0000-0x000bffff window]
[    0.887307] pci_bus 0000:00: root bus resource [mem 0x80000000-0xfebfffff window]
[    0.888041] pci_bus 0000:00: root bus resource [mem 0x100000000-0x17fffffff window]
[    0.888793] pci_bus 0000:00: root bus resource [bus 00-ff]
[    0.889443] pci 0000:00:00.0: [8086:1237] type 00 class 0x060000 conventional PCI endpoint
[    0.892072] pci 0000:00:01.0: [8086:7000] type 00 class 0x060100 conventional PCI endpoint
[    0.894452] pci 0000:00:01.1: [8086:7010] type 00 class 0x010180 conventional PCI endpoint
[    0.895140] pci 0000:00:01.1: BAR 4 [io  0xc040-0xc04f]
[    0.895690] pci 0000:00:01.1: BAR 0 [io  0x01f0-0x01f7]: legacy IDE quirk
[    0.896356] pci 0000:00:01.1: BAR 1 [io  0x03f6]: legacy IDE quirk
[    0.896954] pci 0000:00:01.1: BAR 2 [io  0x0170-0x0177]: legacy IDE quirk
[    0.897617] pci 0000:00:01.1: BAR 3 [io  0x0376]: legacy IDE quirk
[    0.899572] pci 0000:00:01.3: [8086:7113] type 00 class 0x068000 conventional PCI endpoint
[    0.900690] pci 0000:00:01.3: quirk: [io  0x0600-0x063f] claimed by PIIX4 ACPI
[    0.901400] pci 0000:00:01.3: quirk: [io  0x0700-0x070f] claimed by PIIX4 SMB
[    0.903408] pci 0000:00:02.0: [1234:1111] type 00 class 0x030000 conventional PCI endpoint
[    0.907116] pci 0000:00:02.0: BAR 0 [mem 0xfd000000-0xfdffffff pref]
[    0.907766] pci 0000:00:02.0: BAR 2 [mem 0xfebf0000-0xfebf0fff]
[    0.908378] pci 0000:00:02.0: ROM [mem 0xfebe0000-0xfebeffff pref]
[    0.909102] pci 0000:00:02.0: Video device with shadowed ROM at [mem 0x000c0000-0x000dffff]
[    0.911304] pci 0000:00:03.0: [8086:100e] type 00 class 0x020000 conventional PCI endpoint
[    0.915130] pci 0000:00:03.0: BAR 0 [mem 0xfebc0000-0xfebdffff]
[    0.915736] pci 0000:00:03.0: BAR 1 [io  0xc000-0xc03f]
[    0.916304] pci 0000:00:03.0: ROM [mem 0xfeb80000-0xfebbffff pref]
[    0.945029] ACPI: PCI: Interrupt link LNKA configured for IRQ 10
[    0.946799] ACPI: PCI: Interrupt link LNKB configured for IRQ 10
[    0.948524] ACPI: PCI: Interrupt link LNKC configured for IRQ 11
[    0.950223] ACPI: PCI: Interrupt link LNKD configured for IRQ 11
[    0.951061] ACPI: PCI: Interrupt link LNKS configured for IRQ 9
[    0.955599] iommu: Default domain type: Translated
[    0.955599] iommu: DMA domain TLB invalidation policy: lazy mode
[    0.964445] SCSI subsystem initialized
[    0.967025] ACPI: bus type USB registered
[    0.967686] usbcore: registered new interface driver usbfs
[    0.968354] usbcore: registered new interface driver hub
[    0.968971] usbcore: registered new device driver usb
[    0.969862] pps_core: LinuxPPS API ver. 1 registered
[    0.970372] pps_core: Software ver. 5.3.6 - Copyright 2005-2007 Rodolfo Giometti <giometti@linux.it>
[    0.970621] PTP clock support registered
[    0.974753] EDAC MC: Ver: 3.0.0
[    0.978838] NetLabel: Initializing
[    0.979211] NetLabel:  domain hash size = 128
[    0.979661] NetLabel:  protocols = UNLABELED CIPSOv4 CALIPSO
[    0.980372] NetLabel:  unlabeled traffic allowed by default
[    0.982926] PCI: Using ACPI for IRQ routing
[    0.983484] e820: register RAM buffer resource [mem 0x0009fc00-0x0009ffff]
[    0.984197] e820: register RAM buffer resource [mem 0x7ffe0000-0x7fffffff]
[    0.985265] pci 0000:00:02.0: vgaarb: setting as boot VGA device
[    0.985897] pci 0000:00:02.0: vgaarb: bridge control possible
[    0.986475] pci 0000:00:02.0: vgaarb: VGA device added: decodes=io+mem,owns=io+mem,locks=none
[    0.986601] vgaarb: loaded
[    0.987056] hpet0: at MMIO 0xfed00000, IRQs 2, 8, 0
[    0.987595] hpet0: 3 comparators, 64-bit 100.000000 MHz counter
[    0.990841] clocksource: Switched to clocksource kvm-clock
[    0.993253] VFS: Disk quotas dquot_6.6.0
[    0.993743] VFS: Dquot-cache hash table entries: 512 (order 0, 4096 bytes)
[    1.004652] pnp: PnP ACPI init
[    1.009387] pnp: PnP ACPI: found 5 devices
[    1.032090] clocksource: acpi_pm: mask: 0xffffff max_cycles: 0xffffff, max_idle_ns: 2085701024 ns
[    1.033575] NET: Registered PF_INET protocol family
[    1.034320] IP idents hash table entries: 32768 (order: 6, 262144 bytes, linear)
[    1.036587] tcp_listen_portaddr_hash hash table entries: 1024 (order: 5, 73728 bytes, linear)
[    1.037545] Table-perturb hash table entries: 65536 (order: 6, 262144 bytes, linear)
[    1.038420] TCP established hash table entries: 16384 (order: 5, 131072 bytes, linear)
[    1.039502] TCP bind hash table entries: 16384 (order: 10, 2359296 bytes, linear)
[    1.041211] TCP: Hash tables configured (established 16384 bind 16384)
[    1.042032] UDP hash table entries: 1024 (order: 6, 262144 bytes, linear)
[    1.043079] NET: Registered PF_UNIX/PF_LOCAL protocol family
[    1.046643] RPC: Registered named UNIX socket transport module.
[    1.047324] RPC: Registered udp transport module.
[    1.047833] RPC: Registered tcp transport module.
[    1.048314] RPC: Registered tcp-with-tls transport module.
[    1.048878] RPC: Registered tcp NFSv4.1 backchannel transport module.
[    1.049552] pci_bus 0000:00: resource 4 [io  0x0000-0x0cf7 window]
[    1.050206] pci_bus 0000:00: resource 5 [io  0x0d00-0xffff window]
[    1.050847] pci_bus 0000:00: resource 6 [mem 0x000a0000-0x000bffff window]
[    1.051548] pci_bus 0000:00: resource 7 [mem 0x80000000-0xfebfffff window]
[    1.052260] pci_bus 0000:00: resource 8 [mem 0x100000000-0x17fffffff window]
[    1.053402] pci 0000:00:01.0: PIIX3: Enabling Passive Release
[    1.054014] pci 0000:00:00.0: Limiting direct PCI/PCI transfers
[    1.054713] PCI: CLS 0 bytes, default 64
[    1.055227] ACPI: bus type thunderbolt registered
[    1.056152] clocksource: tsc: mask: 0xffffffffffffffff max_cycles: 0x240939f1bb2, max_idle_ns: 440795263295 ns
[    1.069806] Initialise system trusted keyrings
[    1.070433] Key type blacklist registered
[    1.071081] workingset: timestamp_bits=36 (anon: 32) max_order=19 bucket_order=0 (anon: 0)
[    1.074481] squashfs: version 4.0 (2009/01/31) Phillip Lougher
[    1.077961] NFS: Registering the id_resolver key type
[    1.078522] Key type id_resolver registered
[    1.078966] Key type id_legacy registered
[    1.079425] nfs4filelayout_init: NFSv4 File Layout Driver Registering...
[    1.080125] nfs4flexfilelayout_init: NFSv4 Flexfile Layout Driver Registering...
[    1.081207] fuse: init (API version 7.45)
[    1.082353] SGI XFS with ACLs, security attributes, realtime, quota, no debug enabled
[    1.085056] 9p: Installing v9fs 9p2000 file system support
[    1.100474] Key type asymmetric registered
[    1.100888] Asymmetric key parser 'x509' registered
[    1.101526] Block layer SCSI generic (bsg) driver version 0.4 loaded (major 241)
[    1.102486] io scheduler mq-deadline registered
[    1.103078] io scheduler bfq registered
[    1.106029] ledtrig-cpu: registered to indicate activity on CPUs
[    1.108350] IPMI message handler: version 39.2
[    1.108895] ipmi device interface
[    1.112012] input: Power Button as /devices/platform/LNXPWRBN:00/input/input0
[    1.113142] ACPI: button: Power Button [PWRF]
[    1.117317] ERST DBG: ERST support is disabled.
[    1.119613] Serial: 8250/16550 driver, 32 ports, IRQ sharing enabled
[    1.122073] 00:04: ttyS0 at I/O 0x3f8 (irq = 4, base_baud = 115200) is a 16550A
[    1.162634] ACPI: bus type drm_connector registered
[    1.191598] brd: module loaded
[    1.208782] loop: module loaded
[    1.221880] scsi host0: ata_piix
[    1.223363] scsi host1: ata_piix
[    1.224221] ata1: PATA max MWDMA2 cmd 0x1f0 ctl 0x3f6 bmdma 0xc040 irq 14 lpm-pol 0
[    1.224968] ata2: PATA max MWDMA2 cmd 0x170 ctl 0x376 bmdma 0xc048 irq 15 lpm-pol 0
[    1.229395] tun: Universal TUN/TAP device driver, 1.6
[    1.230324] e100: Intel(R) PRO/100 Network Driver
[    1.230801] e100: Copyright(c) 1999-2006 Intel Corporation
[    1.231504] e1000: Intel(R) PRO/1000 Network Driver
[    1.232004] e1000: Copyright (c) 1999-2006 Intel Corporation.
[    1.382103] ata2: found unknown device (class 0)
[    1.382921] ata1: found unknown device (class 0)
[    1.383971] ata1.00: Model 'QEMU HARDDISK', rev '2.5+', applying quirks: bridgeok
[    1.384743] ata1.00: ATA-7: QEMU HARDDISK, 2.5+, max UDMA/100
[    1.386070] ata1.00: 17196647 sectors, multi 16: LBA48 
[    1.388392] ata2.00: ATAPI: QEMU DVD-ROM, 2.5+, max UDMA/100
[    1.390494] scsi 0:0:0:0: Direct-Access     ATA      QEMU HARDDISK    2.5+ PQ: 0 ANSI: 5
[    1.396174] sd 0:0:0:0: [sda] 17196647 512-byte logical blocks: (8.80 GB/8.20 GiB)
[    1.397109] sd 0:0:0:0: Attached scsi generic sg0 type 0
[    1.398050] sd 0:0:0:0: [sda] Write Protect is off
[    1.400605] sd 0:0:0:0: [sda] Write cache: enabled, read cache: enabled, doesn't support DPO or FUA
[    1.401589] scsi 1:0:0:0: CD-ROM            QEMU     QEMU DVD-ROM     2.5+ PQ: 0 ANSI: 5
[    1.404104] sd 0:0:0:0: [sda] Preferred minimum I/O size 512 bytes
[    1.434460] scsi 1:0:0:0: Attached scsi generic sg1 type 5
[    1.438046] sd 0:0:0:0: [sda] Attached SCSI disk
[    2.156390] ACPI: \_SB_.LNKC: Enabled at IRQ 11
[    2.470899] e1000 0000:00:03.0 eth0: (PCI:33MHz:32-bit) 52:54:00:12:34:56
[    2.471623] e1000 0000:00:03.0 eth0: Intel(R) PRO/1000 Network Connection
[    2.472485] e1000e: Intel(R) PRO/1000 Network Driver
[    2.472984] e1000e: Copyright(c) 1999 - 2015 Intel Corporation.
[    2.473756] igb: Intel(R) Gigabit Ethernet Network Driver
[    2.474320] igb: Copyright (c) 2007-2014 Intel Corporation.
[    2.475287] PPP generic driver version 2.4.2
[    2.478466] VFIO - User Level meta-driver version: 0.3
[    2.480472] usbcore: registered new interface driver uas
[    2.481177] usbcore: registered new interface driver usb-storage
[    2.482097] i8042: PNP: PS/2 Controller [PNP0303:KBD,PNP0f13:MOU] at 0x60,0x64 irq 1,12
[    2.484050] serio: i8042 KBD port at 0x60,0x64 irq 1
[    2.484661] serio: i8042 AUX port at 0x60,0x64 irq 12
[    2.487660] mousedev: PS/2 mouse device common for all mice
[    2.490711] input: AT Translated Set 2 keyboard as /devices/platform/i8042/serio0/input/input1
[    2.492010] rtc_cmos PNP0B00:00: RTC can wake from S4
[    2.495230] rtc_cmos PNP0B00:00: registered as rtc0
[    2.496111] rtc_cmos PNP0B00:00: setting system clock to 2026-05-06T01:19:29 UTC (1778030369)
[    2.497360] rtc_cmos PNP0B00:00: alarms up to one day, y3k, 242 bytes nvram, hpet irqs
[    2.498362] i2c_dev: i2c /dev entries driver
[    2.498918] device-mapper: core: CONFIG_IMA_DISABLE_HTABLE is disabled. Duplicate IMA measurements will not be recorded in the IMA log.
[    2.500744] input: VirtualPS/2 VMware VMMouse as /devices/platform/i8042/serio1/input/input4
[    2.501945] device-mapper: uevent: version 1.0.3
[    2.503884] device-mapper: ioctl: 4.50.0-ioctl (2025-04-28) initialised: dm-devel@lists.linux.dev
[    2.504787] intel_pstate: CPU model not supported
[    2.506534] drop_monitor: Initializing network drop monitor service
[    2.507643] NET: Registered PF_INET6 protocol family
[    2.508976] input: VirtualPS/2 VMware VMMouse as /devices/platform/i8042/serio1/input/input3
[    2.512537] Segment Routing with IPv6
[    2.512984] In-situ OAM (IOAM) with IPv6
[    2.514107] NET: Registered PF_PACKET protocol family
[    2.515169] 9pnet: Installing 9P2000 support
[    2.516043] Key type dns_resolver registered
[    2.519624] IPI shorthand broadcast: enabled
[    2.595653] sched_clock: Marking stable (2576005237, 17968911)->(2608053780, -14079632)
[    2.597380] registered taskstats version 1
[    2.598806] Loading compiled-in X.509 certificates
[    2.694252] Demotion targets for Node 0: null
[    2.696344] Key type .fscrypt registered
[    2.696722] Key type fscrypt-provisioning registered
[    2.718275] Key type encrypted registered
[    2.718714] ima: No TPM chip found, activating TPM-bypass!
[    2.719296] ima: Allocated hash algorithm: sha1
[    2.719854] ima: No architecture policies found
[    2.720464] evm: Initialising EVM extended attributes:
[    2.720984] evm: security.selinux
[    2.721323] evm: security.SMACK64
[    2.721657] evm: security.SMACK64EXEC
[    2.722040] evm: security.SMACK64TRANSMUTE
[    2.722446] evm: security.SMACK64MMAP
[    2.722816] evm: security.apparmor
[    2.723153] evm: security.ima
[    2.723454] evm: security.capability
[    2.723811] evm: HMAC attrs: 0x1
[    2.728968] PM:   Magic number: 10:816:305
[    2.729494] tty tty34: hash matches
[    2.730692] RAS: Correctable Errors collector initialized.
[    4.353183] clk: Disabling unused clocks
[    4.353646] PM: genpd: Disabling unused power domains
[    4.355091] md: Waiting for all devices to be available before autodetect
[    4.355607] md: If you don't use raid, use raid=noautodetect
[    4.356015] md: Autodetecting RAID arrays.
[    4.356320] md: autorun ...
[    4.356525] md: ... autorun DONE.
[    4.358493] Callback from call_rcu_tasks() invoked.
[    4.367330] EXT4-fs (sda): INFO: recovery required on readonly filesystem
[    4.367805] EXT4-fs (sda): write access will be enabled during recovery
[    4.406073] EXT4-fs (sda): recovery complete
[    4.409048] EXT4-fs (sda): mounted filesystem 088740a9-c8b4-422c-999d-a804eb68a4da ro with ordered data mode. Quota mode: none.
[    4.409952] VFS: Mounted root (ext4 filesystem) readonly on device 8:0.
[    4.413821] devtmpfs: mounted
[    4.414289] VFS: Pivoted into new rootfs
[    4.436438] Freeing unused decrypted memory: 2036K
[    4.441896] Freeing unused kernel image (initmem) memory: 16724K
[    4.442412] Write protecting the kernel read-only data: 104448k
[    4.446844] Freeing unused kernel image (text/rodata gap) memory: 1908K
[    4.448565] Freeing unused kernel image (rodata/data gap) memory: 892K
[    5.616243] x86/mm: Checked W+X mappings: passed, no W+X pages found.
[    5.616693] Run /sbin/init as init process
[    5.889849] systemd[1]: systemd 252-15.el9 running in system mode (+PAM +AUDIT +SELINUX -APPARMOR +IMA +SMACK +SECCOMP +GCRYPT +GNUTLS +OPENSSL +ACL +BLKID +CURL +ELFUTILS -FIDO2 +IDN2 -IDN -IPTC +KMOD +LIBCRYPTSETUP +LIBFDISK +PCRE2 -PWQUALITY +P11KIT -QRENCODE +TPM2 +BZIP2 +LZ4 +XZ +ZLIB +ZSTD -BPF_FRAMEWORK +XKBCOMMON +UTMP +SYSVINIT default-hierarchy=unified)
[    5.892257] systemd[1]: Detected virtualization kvm.
[    5.892620] systemd[1]: Detected architecture x86-64.

Welcome to [0;31mCentOS Stream 9[0m!

[    5.900162] systemd[1]: Hostname set to <test>.
[    6.155386] systemd-rc-local-generator[122]: /etc/rc.d/rc.local is not marked executable, skipping.
[    6.463380] systemd[1]: Queued start job for default target Multi-User System.
[    6.481231] systemd[1]: Created slice Virtual Machine and Container Slice.
[[0;32m  OK  [0m] Created slice [0;1;39mVirtual Machine and Container Slice[0m.
[    6.487220] systemd[1]: Created slice Slice /system/getty.
[[0;32m  OK  [0m] Created slice [0;1;39mSlice /system/getty[0m.
[    6.490725] systemd[1]: Created slice Slice /system/modprobe.
[[0;32m  OK  [0m] Created slice [0;1;39mSlice /system/modprobe[0m.
[    6.494320] systemd[1]: Created slice Slice /system/serial-getty.
[[0;32m  OK  [0m] Created slice [0;1;39mSlice /system/serial-getty[0m.
[    6.497891] systemd[1]: Created slice Slice /system/sshd-keygen.
[[0;32m  OK  [0m] Created slice [0;1;39mSlice /system/sshd-keygen[0m.
[    6.501084] systemd[1]: Created slice User and Session Slice.
[[0;32m  OK  [0m] Created slice [0;1;39mUser and Session Slice[0m.
[    6.502755] systemd[1]: Started Forward Password Requests to Wall Directory Watch.
[[0;32m  OK  [0m] Started [0;1;39mForward Password R…uests to Wall Directory Watch[0m.
[    6.505289] systemd[1]: Set up automount Arbitrary Executable File Formats File System Automount Point.
[[0;32m  OK  [0m] Set up automount [0;1;39mArbitrary…s File System Automount Point[0m.
[    6.507306] systemd[1]: Reached target Local Integrity Protected Volumes.
[[0;32m  OK  [0m] Reached target [0;1;39mLocal Integrity Protected Volumes[0m.
[    6.508786] systemd[1]: Reached target Slice Units.
[[0;32m  OK  [0m] Reached target [0;1;39mSlice Units[0m.
[    6.509752] systemd[1]: Reached target Swaps.
[[0;32m  OK  [0m] Reached target [0;1;39mSwaps[0m.
[    6.510721] systemd[1]: Reached target Local Verity Protected Volumes.
[[0;32m  OK  [0m] Reached target [0;1;39mLocal Verity Protected Volumes[0m.
[    6.512634] systemd[1]: Listening on Device-mapper event daemon FIFOs.
[[0;32m  OK  [0m] Listening on [0;1;39mDevice-mapper event daemon FIFOs[0m.
[    6.514527] systemd[1]: Listening on LVM2 poll daemon socket.
[[0;32m  OK  [0m] Listening on [0;1;39mLVM2 poll daemon socket[0m.
[    6.515927] systemd[1]: multipathd control socket was skipped because of an unmet condition check (ConditionPathExists=/etc/multipath.conf).
[    6.562748] systemd[1]: Listening on RPCbind Server Activation Socket.
[[0;32m  OK  [0m] Listening on [0;1;39mRPCbind Server Activation Socket[0m.
[    6.564302] systemd[1]: Reached target RPC Port Mapper.
[[0;32m  OK  [0m] Reached target [0;1;39mRPC Port Mapper[0m.
[    6.567964] systemd[1]: Listening on Process Core Dump Socket.
[[0;32m  OK  [0m] Listening on [0;1;39mProcess Core Dump Socket[0m.
[    6.569597] systemd[1]: Listening on initctl Compatibility Named Pipe.
[[0;32m  OK  [0m] Listening on [0;1;39minitctl Compatibility Named Pipe[0m.
[    6.571600] systemd[1]: Listening on Journal Socket (/dev/log).
[[0;32m  OK  [0m] Listening on [0;1;39mJournal Socket (/dev/log)[0m.
[    6.573482] systemd[1]: Listening on Journal Socket.
[[0;32m  OK  [0m] Listening on [0;1;39mJournal Socket[0m.
[    6.575152] systemd[1]: Listening on udev Control Socket.
[[0;32m  OK  [0m] Listening on [0;1;39mudev Control Socket[0m.
[    6.576736] systemd[1]: Listening on udev Kernel Socket.
[[0;32m  OK  [0m] Listening on [0;1;39mudev Kernel Socket[0m.
[    6.598752] systemd[1]: Mounting Huge Pages File System...
         Mounting [0;1;39mHuge Pages File System[0m...
[    6.605138] systemd[1]: Mounting POSIX Message Queue File System...
         Mounting [0;1;39mPOSIX Message Queue File System[0m...
[    6.616731] systemd[1]: Mounting Kernel Debug File System...
         Mounting [0;1;39mKernel Debug File System[0m...
[    6.625620] systemd[1]: Mounting Kernel Trace File System...
         Mounting [0;1;39mKernel Trace File System[0m...
[    6.628735] systemd[1]: Kernel Module supporting RPCSEC_GSS was skipped because of an unmet condition check (ConditionPathExists=/etc/krb5.keytab).
[    6.631168] systemd[1]: Create List of Static Device Nodes was skipped because of an unmet condition check (ConditionFileNotEmpty=/lib/modules/7.1.0-rc2-next-20260505-next-2026050/modules.devname).
[    6.640775] systemd[1]: Starting Monitoring of LVM2 mirrors, snapshots etc. using dmeventd or progress polling...
         Starting [0;1;39mMonitoring of LVM…meventd or progress polling[0m...
[    6.649910] systemd[1]: Starting Load Kernel Module configfs...
         Starting [0;1;39mLoad Kernel Module configfs[0m...
[    6.663572] systemd[1]: Starting Load Kernel Module drm...
         Starting [0;1;39mLoad Kernel Module drm[0m...
[    6.677146] systemd[1]: Starting Load Kernel Module fuse...
         Starting [0;1;39mLoad Kernel Module fuse[0m...
[    6.689579] systemd[1]: Starting Read and set NIS domainname from /etc/sysconfig/network...
         Starting [0;1;39mRead and set NIS …from /etc/sysconfig/network[0m...
[    6.715199] systemd[1]: Starting Journal Service...
         Starting [0;1;39mJournal Service[0m...
[    6.730260] systemd[1]: Starting Load Kernel Modules...
         Starting [0;1;39mLoad Kernel Modules[0m...
[    6.745674] systemd[1]: Starting Generate network units from Kernel command line...
         Starting [0;1;39mGenerate network …ts from Kernel command line[0m...
[    6.771267] systemd[1]: Starting Remount Root and Kernel File Systems...
         Starting [0;1;39mRemount Root and Kernel File Systems[0m...
[    6.773328] systemd[1]: Repartition Root Disk was skipped because no trigger condition checks were met.
[    6.787862] systemd[1]: Starting Coldplug All udev Devices...
         Starting [0;1;39mColdplug All udev Devices[0m...
[    6.812874] systemd[1]: Mounted Huge Pages File System.
[[0;32m  OK  [0m] Mounted [0;1;39mHuge Pages File System[0m.
[    6.815929] systemd[1]: Mounted POSIX Message Queue File System.
[[0;32m  OK  [0m] Mounted [0;1;39mPOSIX Message Queue File System[0m.
[    6.820812] systemd[1]: Mounted Kernel Debug File System.
[[0;32m  OK  [0m] Mounted [0;1;39mKernel Debug File System[0m.
[    6.824438] systemd[1]: Mounted Kernel Trace File System.
[[0;32m  OK  [0m] Mounted [0;1;39mKernel Trace File System[0m.
[    6.832247] systemd[1]: Finished Monitoring of LVM2 mirrors, snapshots etc. using dmeventd or progress polling.
[[0;32m  OK  [0m] Finished [0;1;39mMonitoring of LVM… dmeventd or progress polling[0m.
[    6.843074] systemd[1]: modprobe@configfs.service: Deactivated successfully.
[    6.849317] systemd[1]: Finished Load Kernel Module configfs.
[[0;32m  OK  [0m] Finished [0;1;39mLoad Kernel Module configfs[0m.
[    6.856442] systemd[1]: modprobe@drm.service: Deactivated successfully.
[    6.860753] systemd[1]: Finished Load Kernel Module drm.
[[0;32m  OK  [0m] Finished [0;1;39mLoad Kernel Module drm[0m.
[    6.865478] EXT4-fs (sda): re-mounted 088740a9-c8b4-422c-999d-a804eb68a4da r/w.
[    6.869998] systemd[1]: modprobe@fuse.service: Deactivated successfully.
[    6.876890] systemd[1]: Finished Load Kernel Module fuse.
[[0;32m  OK  [0m] Finished [0;1;39mLoad Kernel Module fuse[0m.
[    6.886726] systemd[1]: Finished Read and set NIS domainname from /etc/sysconfig/network.
[[0;32m  OK  [0m] Finished [0;1;39mRead and set NIS …e from /etc/sysconfig/network[0m.
[    6.890803] systemd[1]: systemd-modules-load.service: Main process exited, code=exited, status=1/FAILURE
[    6.895315] systemd[1]: systemd-modules-load.service: Failed with result 'exit-code'.
[    6.899428] systemd[1]: Failed to start Load Kernel Modules.
[[0;1;31mFAILED[0m] Failed to start [0;1;39mLoad Kernel Modules[0m.
See 'systemctl status systemd-modules-load.service' for details.
[    6.904829] systemd[1]: Started Journal Service.
[[0;32m  OK  [0m] Started [0;1;39mJournal Service[0m.
[[0;32m  OK  [0m] Finished [0;1;39mGenerate network units from Kernel command line[0m.
[[0;32m  OK  [0m] Finished [0;1;39mRemount Root and Kernel File Systems[0m.
[[0;32m  OK  [0m] Reached target [0;1;39mPreparation for Network[0m.
         Mounting [0;1;39mFUSE Control File System[0m...
         Mounting [0;1;39mKernel Configuration File System[0m...
         Starting [0;1;39mFlush Journal to Persistent Storage[0m...
         Starting [0;1;39mLoad/Save Random Seed[0m...
         Starting [0;1;39mApply Kernel Variables[0m...
[    7.050406] systemd-journald[144]: Received client request to flush runtime journal.
         Starting [0;1;39mCreate Static Device Nodes in /dev[0m...
         Starting [0;1;39mSetup Virtual Console[0m...
[[0;32m  OK  [0m] Mounted [0;1;39mFUSE Control File System[0m.
[[0;32m  OK  [0m] Mounted [0;1;39mKernel Configuration File System[0m.
[[0;32m  OK  [0m] Finished [0;1;39mFlush Journal to Persistent Storage[0m.
[[0;32m  OK  [0m] Finished [0;1;39mLoad/Save Random Seed[0m.
[[0;32m  OK  [0m] Finished [0;1;39mApply Kernel Variables[0m.
[[0;32m  OK  [0m] Finished [0;1;39mCreate Static Device Nodes in /dev[0m.
         Starting [0;1;39mRule-based Manage…for Device Events and Files[0m...
[[0;32m  OK  [0m] Started [0;1;39mRule-based Manager for Device Events and Files[0m.
         Starting [0;1;39mAuto-connect to s…E devices found during boot[0m...
[[0;32m  OK  [0m] Finished [0;1;39mAuto-connect to s…VME devices found during boot[0m.
[[0;32m  OK  [0m] Finished [0;1;39mColdplug All udev Devices[0m.
         Starting [0;1;39mWait for udev To …plete Device Initialization[0m...
[[0;32m  OK  [0m] Finished [0;1;39mSetup Virtual Console[0m.
         Starting [0;1;39mShow Plymouth Boot Screen[0m...
[2J[3J[-1;-1f[[0;32m  OK  [0m] Started [0;1;39mShow Plymouth Boot Screen[0m.
[[0;32m  OK  [0m] Started [0;1;39mForward Password R…s to Plymouth Directory Watch[0m.
[[0;32m  OK  [0m] Reached target [0;1;39mLocal Encrypted Volumes[0m.
[[0;32m  OK  [0m] Reached target [0;1;39mPath Units[0m.
[[0;32m  OK  [0m] Found device [0;1;39m/dev/ttyS0[0m.
[[0;32m  OK  [0m] Listening on [0;1;39mLoad/Save RF …itch Status /dev/rfkill Watch[0m.
[[0;32m  OK  [0m] Finished [0;1;39mWait for udev To Complete Device Initialization[0m.
[[0;32m  OK  [0m] Reached target [0;1;39mPreparation for Local File Systems[0m.
[[0;32m  OK  [0m] Reached target [0;1;39mLocal File Systems[0m.
         Starting [0;1;39mTell Plymouth To Write Out Runtime Data[0m...
         Starting [0;1;39mAutomatic Boot Loader Update[0m...
         Starting [0;1;39mCreate Volatile Files and Directories[0m...
[[0;32m  OK  [0m] Finished [0;1;39mTell Plymouth To Write Out Runtime Data[0m.
[[0;32m  OK  [0m] Finished [0;1;39mAutomatic Boot Loader Update[0m.
[[0;32m  OK  [0m] Finished [0;1;39mCreate Volatile Files and Directories[0m.
         Mounting [0;1;39mRPC Pipe File System[0m...
         Starting [0;1;39mSecurity Auditing Service[0m...
         Starting [0;1;39mRPC Bind[0m...
[[0;32m  OK  [0m] Mounted [0;1;39mRPC Pipe File System[0m.
[[0;32m  OK  [0m] Reached target [0;1;39mrpc_pipefs.target[0m.
[[0;32m  OK  [0m] Started [0;1;39mRPC Bind[0m.
[[0;32m  OK  [0m] Started [0;1;39mSecurity Auditing Service[0m.
         Starting [0;1;39mRecord System Boot/Shutdown in UTMP[0m...
[[0;32m  OK  [0m] Finished [0;1;39mRecord System Boot/Shutdown in UTMP[0m.
[[0;32m  OK  [0m] Reached target [0;1;39mSystem Initialization[0m.
[[0;32m  OK  [0m] Started [0;1;39mDaily rotation of log files[0m.
[[0;32m  OK  [0m] Started [0;1;39mUpdates mlocate database every day[0m.
[[0;32m  OK  [0m] Started [0;1;39mDaily Cleanup of Temporary Directories[0m.
[[0;32m  OK  [0m] Started [0;1;39mdaily update of the root trust anchor for DNSSEC[0m.
[[0;32m  OK  [0m] Reached target [0;1;39mTimer Units[0m.
[[0;32m  OK  [0m] Listening on [0;1;39mD-Bus System Message Bus Socket[0m.
[[0;32m  OK  [0m] Listening on [0;1;39mOpen-iSCSI iscsid Socket[0m.
[[0;32m  OK  [0m] Listening on [0;1;39mOpen-iSCSI iscsiuio Socket[0m.
[[0;32m  OK  [0m] Listening on [0;1;39mSSSD Kerberos…ache Manager responder socket[0m.
[[0;32m  OK  [0[    9.886194] clocksource: Watchdog remote CPU 1 read timed out
m] Listening on [0;1;39mLibvirt interface local socket[0m.
[[0;32m  OK  [0m] Listening on [0;1;39mVirtual machine lock manager socket[0m.
[[0;32m  OK  [0m] Listening on [0;1;39mVirtual machine log manager socket[0m.
[[0;32m  OK  [0m] Listening on [0;1;39mLibvirt network local socket[0m.
[[0;32m  OK  [0m] Listening on [0;1;39mLibvirt nodedev local socket[0m.
[[0;32m  OK  [0m] Listening on [0;1;39mLibvirt nwfilter local socket[0m.
[[0;32m  OK  [0m] Listening on [0;1;39mLibvirt proxy local socket[0m.
[[0;32m  OK  [0m] Listening on [0;1;39mLibvirt qemu local socket[0m.
[[0;32m  OK  [0m] Listening on [0;1;39mLibvirt qemu admin socket[0m.
[[0;32m  OK  [0m] Listening on [0;1;39mLibvirt qemu local read-only socket[0m.
[[0;32m  OK  [0m] Listening on [0;1;39mLibvirt secret local socket[0m.
[[0;32m  OK  [0m] Listening on [0;1;39mLibvirt storage local socket[0m.
[[0;32m  OK  [0m] Reached target [0;1;39mSocket Units[0m.
         Starting [0;1;39mD-Bus System Message Bus[0m...
[[0;32m  OK  [0m] Started [0;1;39mD-Bus System Message Bus[0m.
[[0;32m  OK  [0m] Reached target [0;1;39mBasic System[0m.
         Starting [0;1;39mNetwork Manager[0m...
         Starting [0;1;39mNTP client/server[0m...
         Starting [0;1;39mRestore /run/initramfs on shutdown[0m...
[[0;32m  OK  [0m] Started [0;1;39mirqbalance daemon[0m.
[[0;32m  OK  [0m] Started [0;1;39mlibstoragemgmt plug-in server daemon[0m.
[[0;32m  OK  [0m] Started [0;1;39mMachine Check Exception Logging Daemon[0m.
[[0;32m  OK  [0m] Reached target [0;1;39msshd-keygen.target[0m.
[[0;32m  OK  [0m] Reached target [0;1;39mUser and Group Name Lookups[0m.
         Starting [0;1;39mUser Login Management[0m...
         Starting [0;1;39mVirtual Machine a…tainer Registration Service[0m...
         Starting [0;1;39mupdate of the roo…NSSEC validation in unbound[0m...
         Starting [0;1;39mRotate log files[0m...
[[0;32m  OK  [0m] Started [0;1;39mUpdate a database for mlocate[0m.
[[0;32m  OK  [0m] Finished [0;1;39mRestore /run/initramfs on shutdown[0m.
[[0;32m  OK  [0m] Started [0;1;39mVirtual Machine an…ontainer Registration Service[0m.
         Starting [0;1;39mHostname Service[0m...
[[0;32m  OK  [0m] Finished [0;1;39mupdate of the roo… DNSSEC validation in unbound[0m.
[[0;32m  OK  [0m] Started [0;1;39mNTP client/server[0m.
[[0;32m  OK  [0m] Started [0;1;39mUser Login Management[0m.
[[0;32m  OK  [0m] Started [0;1;39mHostname Service[0m.
         Starting [0;1;39mNetwork Manager Script Dispatcher Service[0m...
[[0;32m  OK  [0m] Finished [0;1;39mRotate log files[0m.
[[0;32m  OK  [0m] Started [0;1;39mNetwork Manager Script Dispatcher Service[0m.
[   11.002552] e1000: eth0 NIC Link is Up 1000 Mbps Full Duplex, Flow Control: RX
[[0;32m  OK  [0m] Started [0;1;39mNetwork Manager[0m.
[[0;32m  OK  [0m] Reached target [0;1;39mNetwork[0m.
[[0;32m  OK  [0m] Reached target [0;1;39mNetwork is Online[0m.
         Starting [0;1;39mGSSAPI Proxy Daemon[0m...
         Starting [0;1;39mNotify NFS peers of a restart[0m...
         Starting [0;1;39mSystem Logging Service[0m...
         Starting [0;1;39mOpenSSH server daemon[0m...
         Starting [0;1;39mDynamic System Tuning Daemon[0m...
[[0;32m  OK  [0m] Started [0;1;39mNotify NFS peers of a restart[0m.
[[0;32m  OK  [0m] Started [0;1;39mOpenSSH server daemon[0m.
[[0;32m  OK  [0m] Started [0;1;39mGSSAPI Proxy Daemon[0m.
[[0;32m  OK  [0m] Reached target [0;1;39mNFS client services[0m.
[[0;32m  OK  [0m] Reached target [0;1;39mPreparation for Remote File Systems[0m.
[[0;32m  OK  [0m] Reached target [0;1;39mRemote File Systems[0m.
         Starting [0;1;39mPermit User Sessions[0m...
         Starting [0;1;39mVirtualization qemu daemon[0m...
[[0;32m  OK  [0m] Started [0;1;39mSystem Logging Service[0m.
[[0;32m  OK  [0m] Finished [0;1;39mPermit User Sessions[0m.
[[0;32m  OK  [0m] Started [0;1;39mDeferred execution scheduler[0m.
[[0;32m  OK  [0m] Started [0;1;39mCommand Scheduler[0m.
         Starting [0;1;39mHold until boot process finishes up[0m...
         Starting [0;1;39mTerminate Plymouth Boot Screen[0m...

CentOS Stream 9
Kernel 7.1.0-rc2-next-20260505-next-2026050 on an x86_64

Activate the web console with: systemctl enable --now cockpit.socket

test login: [   18.610545] pimreg: entered allmulticast mode
[   18.611015] 
[   18.611146] =============================
[   18.611406] WARNING: suspicious RCU usage
[   18.611657] 7.1.0-rc2-next-20260505-next-2026050 #1 Not tainted
[   18.612022] -----------------------------
[   18.612289] net/ipv4/ipmr.c:329 suspicious rcu_dereference_check() usage!
[   18.612755] 
[   18.612755] other info that might help us debug this:
[   18.612755] 
[   18.613314] 
[   18.613314] rcu_scheduler_active = 2, debug_locks = 1
[   18.613758] 2 locks held by repro/725:
[   18.614195]  #0: ffffffff87896440 (rcu_read_lock_bh){....}-{1:3}, at: __dev_queue_xmit+0x239/0x4140
[   18.614860]  #1: ff1100000df5b918 (_xmit_PIMREG#2){+...}-{3:3}, at: __dev_queue_xmit+0x1d5d/0x4140
[   18.615505] 
[   18.615505] stack backtrace:
[   18.615814] CPU: 0 UID: 0 PID: 725 Comm: repro Not tainted 7.1.0-rc2-next-20260505-next-2026050 #1 PREEMPT(lazy) 
[   18.615826] Hardware name: QEMU Standard PC (i440FX + PIIX, 1996), BIOS rel-1.16.3-0-ga6ed6b701f0a-prebuilt.qemu.org 04/01/2014
[   18.615831] Call Trace:
[   18.615834]  <TASK>
[   18.615838]  dump_stack_lvl+0x121/0x150
[   18.615853]  dump_stack+0x19/0x20
[   18.615864]  lockdep_rcu_suspicious+0x15b/0x1f0
[   18.615882]  reg_vif_xmit+0x2ee/0x3c0
[   18.615898]  dev_hard_start_xmit+0x170/0x700
[   18.615915]  __dev_queue_xmit+0x1df1/0x4140
[   18.615931]  ? __might_fault+0x14a/0x1b0
[   18.615943]  ? __this_cpu_preempt_check+0x21/0x30
[   18.615961]  ? __pfx___dev_queue_xmit+0x10/0x10
[   18.615977]  ? _copy_from_iter+0x288/0x15e0
[   18.615989]  ? __virt_addr_valid+0x22c/0x420
[   18.616004]  ? __virt_addr_valid+0x22c/0x420
[   18.616018]  ? __this_cpu_preempt_check+0x21/0x30
[   18.616030]  ? __pfx__copy_from_iter+0x10/0x10
[   18.616048]  ? __sanitizer_cov_trace_const_cmp1+0x1e/0x30
[   18.616064]  ? packet_parse_headers+0x439/0x7b0
[   18.616076]  ? packet_parse_headers+0x202/0x7b0
[   18.616088]  ? __pfx_packet_parse_headers+0x10/0x10
[   18.616103]  packet_xmit+0x252/0x370
[   18.616119]  packet_sendmsg+0x39ad/0x5650
[   18.616136]  ? __lock_acquire+0x412/0x2390
[   18.616174]  ? __pfx_packet_sendmsg+0x10/0x10
[   18.616189]  ? audit_watch_handle_event+0x130/0x900
[   18.616201]  ? __import_iovec+0x1df/0x660
[   18.616213]  ? _copy_from_user+0x75/0xa0
[   18.616229]  ? __pfx_packet_sendmsg+0x10/0x10
[   18.616242]  ____sys_sendmsg+0xa21/0xba0
[   18.616257]  ? __pfx_____sys_sendmsg+0x10/0x10
[   18.616274]  ? __this_cpu_preempt_check+0x21/0x30
[   18.616285]  ? lock_release+0x14f/0x2c0
[   18.616305]  ___sys_sendmsg+0x121/0x1c0
[   18.616322]  ? __pfx____sys_sendmsg+0x10/0x10
[   18.616347]  ? __handle_mm_fault+0x656/0x2cb0
[   18.616388]  __sys_sendmsg+0x177/0x220
[   18.616403]  ? __pfx___sys_sendmsg+0x10/0x10
[   18.616428]  ? seqcount_lockdep_reader_access.constprop.0+0xc0/0xd0
[   18.616440]  ? __sanitizer_cov_trace_cmp4+0x1a/0x20
[   18.616453]  ? ktime_get_coarse_real_ts64+0xad/0xf0
[   18.616471]  __x64_sys_sendmsg+0x80/0xc0
[   18.616487]  x64_sys_call+0x1d9c/0x21c0
[   18.616499]  do_syscall_64+0xc1/0x1020
[   18.616517]  entry_SYSCALL_64_after_hwframe+0x76/0x7e
[   18.616527] RIP: 0033:0x7f93b863ee5d
[   18.616536] Code: ff c3 66 2e 0f 1f 84 00 00 00 00 00 90 f3 0f 1e fa 48 89 f8 48 89 f7 48 89 d6 48 89 ca 4d 89 c2 4d 89 c8 4c 8b 4c 24 08 0f 05 <48> 3d 01 f0 ff ff 73 01 c3 48 8b 0d 93 af 1b 00 f7 d8 64 89 01 48
[   18.616546] RSP: 002b:00007fff211cf048 EFLAGS: 00000246 ORIG_RAX: 000000000000002e
[   18.616555] RAX: ffffffffffffffda RBX: 0000200000000380 RCX: 00007f93b863ee5d
[   18.616561] RDX: 0000000000000000 RSI: 00002000000012c0 RDI: 0000000000000004
[   18.616567] RBP: 00007fff211cf070 R08: 0000000200000000 R09: 0000000200000000
[   18.616573] R10: 0000000200000000 R11: 0000000000000246 R12: 00007fff211cf188
[   18.616579] R13: 0000000000401164 R14: 0000000000403e08 R15: 00007f93b886e000
[   18.616601]  </TASK>
[   18.663757] pimreg: entered allmulticast mode
[   18.664325] pimreg: left allmulticast mode
[   18.673919] pimreg: entered allmulticast mode
[   18.687129] pimreg: entered allmulticast mode
[   18.724372] pimreg: entered allmulticast mode
[   18.747180] pimreg: entered allmulticast mode
[   18.750345] pimreg: left allmulticast mode
[   18.750655] pimreg: left allmulticast mode
[   18.750929] pimreg: left allmulticast mode
[   18.766202] pimreg: entered allmulticast mode
[   18.778425] pimreg: entered allmulticast mode
[   18.797948] pimreg: entered allmulticast mode
[   18.819956] pimreg: entered allmulticast mode
[   18.838700] pimreg: entered allmulticast mode
[   18.839185] pimreg: left allmulticast mode
[   18.839512] pimreg: left allmulticast mode
[   18.839860] pimreg: left allmulticast mode
[   18.840172] pimreg: left allmulticast mode
[   18.840490] pimreg: left allmulticast mode
[   18.852654] pimreg: entered allmulticast mode
[   18.875838] pimreg: entered allmulticast mode
[   18.901962] pimreg: entered allmulticast mode
[   18.918658] pimreg: entered allmulticast mode
[   18.943336] pimreg: entered allmulticast mode
[   18.955860] pimreg: left allmulticast mode
[   18.956203] pimreg: left allmulticast mode
[   18.956486] pimreg: left allmulticast mode
[   18.956805] pimreg: left allmulticast mode
[   18.957107] pimreg: left allmulticast mode
[   18.957415] pimreg: left allmulticast mode
[   18.971031] pimreg: entered allmulticast mode
[   18.993617] pimreg: entered allmulticast mode
[   19.020563] pimreg: entered allmulticast mode
[   19.038398] pimreg: entered allmulticast mode
[   19.070641] pimreg: entered allmulticast mode
[   19.090168] pimreg: entered allmulticast mode
[   19.114690] pimreg: entered allmulticast mode
[   19.130717] pimreg: left allmulticast mode
[   19.131047] pimreg: left allmulticast mode
[   19.131360] pimreg: left allmulticast mode
[   19.131667] pimreg: left allmulticast mode
[   19.132680] pimreg: left allmulticast mode
[   19.133010] pimreg: left allmulticast mode
[   19.133331] pimreg: left allmulticast mode
[   19.145543] pimreg: entered allmulticast mode
[   19.180177] pimreg: entered allmulticast mode
[   19.212026] pimreg: entered allmulticast mode
[   19.229785] pimreg: entered allmulticast mode
[   19.266202] pimreg: entered allmulticast mode
[   19.294761] pimreg: entered allmulticast mode
[   19.333941] pimreg: entered allmulticast mode
[   19.363024] pimreg: entered allmulticast mode
[   19.382781] pimreg: left allmulticast mode
[   19.383110] pimreg: left allmulticast mode
[   19.383427] pimreg: left allmulticast mode
[   19.384273] pimreg: left allmulticast mode
[   19.384632] pimreg: left allmulticast mode
[   19.384945] pimreg: left allmulticast mode
[   19.385260] pimreg: left allmulticast mode
[   19.385559] pimreg: left allmulticast mode
[   19.398944] pimreg: entered allmulticast mode
[   19.423099] pimreg: entered allmulticast mode
[   19.434322] pimreg: entered allmulticast mode
[   19.456640] pimreg: entered allmulticast mode
[   19.477890] pimreg: entered allmulticast mode
[   19.501913] pimreg: entered allmulticast mode
[   19.515679] pimreg: left allmulticast mode
[   19.516683] pimreg: left allmulticast mode
[   19.516999] pimreg: left allmulticast mode
[   19.517308] pimreg: left allmulticast mode
[   19.517610] pimreg: left allmulticast mode
[   19.517908] pimreg: left allmulticast mode
[   19.530318] pimreg: entered allmulticast mode
[   19.555249] pimreg: entered allmulticast mode
[   19.581230] pimreg: entered allmulticast mode
[   19.602345] pimreg: entered allmulticast mode
[   19.625999] pimreg: entered allmulticast mode
[   19.655125] pimreg: entered allmulticast mode
[   19.674938] pimreg: entered allmulticast mode
[   19.675469] pimreg: left allmulticast mode
[   19.675825] pimreg: left allmulticast mode
[   19.676158] pimreg: left allmulticast mode
[   19.676468] pimreg: left allmulticast mode
[   19.676773] pimreg: left allmulticast mode
[   19.677094] pimreg: left allmulticast mode
[   19.689594] pimreg: entered allmulticast mode
[   19.714950] pimreg: entered allmulticast mode
[   19.737151] pimreg: entered allmulticast mode
[   19.767255] pimreg: entered allmulticast mode
[   19.803103] pimreg: entered allmulticast mode
[   19.810847] pimreg: left allmulticast mode
[   19.811181] pimreg: left allmulticast mode
[   19.811490] pimreg: left allmulticast mode
[   19.811805] pimreg: left allmulticast mode
[   19.812111] pimreg: left allmulticast mode
[   19.812430] pimreg: left allmulticast mode
[   19.824296] pimreg: entered allmulticast mode
[   19.849384] pimreg: entered allmulticast mode
[   19.869694] pimreg: entered allmulticast mode
[   19.883221] pimreg: entered allmulticast mode
[   19.907303] pimreg: entered allmulticast mode
[   19.907707] pimreg: left allmulticast mode
[   19.908225] pimreg: left allmulticast mode
[   19.908551] pimreg: left allmulticast mode
[   19.908854] pimreg: left allmulticast mode
[   19.919577] pimreg: entered allmulticast mode
[   19.942886] pimreg: entered allmulticast mode
[   19.966505] pimreg: entered allmulticast mode
[   19.987633] pimreg: entered allmulticast mode
[   20.010369] pimreg: entered allmulticast mode
[   20.035073] pimreg: left allmulticast mode
[   20.035438] pimreg: left allmulticast mode
[   20.035737] pimreg: left allmulticast mode
[   20.036025] pimreg: left allmulticast mode
[   20.036315] pimreg: left allmulticast mode
[   20.036603] pimreg: left allmulticast mode
[   20.047185] pimreg: entered allmulticast mode
[   20.065352] pimreg: entered allmulticast mode
[   20.089862] pimreg: entered allmulticast mode
[   20.103039] pimreg: entered allmulticast mode
[   20.106629] pimreg: left allmulticast mode
[   20.106975] pimreg: left allmulticast mode
[   20.107282] pimreg: left allmulticast mode
[   20.138744] pimreg: entered allmulticast mode
[   20.164002] pimreg: entered allmulticast mode
[   20.182789] pimreg: entered allmulticast mode
[   20.190875] pimreg: left allmulticast mode
[   20.191218] pimreg: left allmulticast mode
[   20.191532] pimreg: left allmulticast mode
[   20.191838] pimreg: left allmulticast mode
[   20.202055] pimreg: entered allmulticast mode
[   20.247369] pimreg: entered allmulticast mode
[   20.269875] pimreg: entered allmulticast mode
[   20.282349] pimreg: entered allmulticast mode
[   20.305937] pimreg: entered allmulticast mode
[   20.334427] pimreg: left allmulticast mode
[   20.334748] pimreg: left allmulticast mode
[   20.335030] pimreg: left allmulticast mode
[   20.335348] pimreg: left allmulticast mode
[   20.335654] pimreg: left allmulticast mode
[   20.346469] pimreg: entered allmulticast mode
[   20.364293] pimreg: entered allmulticast mode
[   20.386192] pimreg: entered allmulticast mode
[   20.405870] pimreg: entered allmulticast mode
[   20.438399] pimreg: entered allmulticast mode
[   20.470052] pimreg: entered allmulticast mode
[   20.493621] pimreg: entered allmulticast mode
[   20.507333] pimreg: left allmulticast mode
[   20.507648] pimreg: left allmulticast mode
[   20.507956] pimreg: left allmulticast mode
[   20.508267] pimreg: left allmulticast mode
[   20.508576] pimreg: left allmulticast mode
[   20.508883] pimreg: left allmulticast mode
[   20.509195] pimreg: left allmulticast mode
[   20.522646] pimreg: entered allmulticast mode
[   20.538661] pimreg: entered allmulticast mode
[   20.566041] pimreg: entered allmulticast mode
[   20.591054] pimreg: entered allmulticast mode
[   20.622166] pimreg: entered allmulticast mode
[   20.650117] pimreg: entered allmulticast mode
[   20.694104] pimreg: entered allmulticast mode
[   20.722140] pimreg: entered allmulticast mode
[   20.774980] pimreg: left allmulticast mode
[   20.775588] pimreg: left allmulticast mode
[   20.775883] pimreg: left allmulticast mode
[   20.776228] pimreg: left allmulticast mode
[   20.776645] pimreg: left allmulticast mode
[   20.776960] pimreg: left allmulticast mode
[   20.777272] pimreg: left allmulticast mode
[   20.777580] pimreg: left allmulticast mode
[   20.790744] pimreg: entered allmulticast mode
[   20.811537] pimreg: entered allmulticast mode
[   20.843541] pimreg: entered allmulticast mode
[   20.866808] pimreg: entered allmulticast mode
[   20.918517] pimreg: entered allmulticast mode
[   20.937932] pimreg: entered allmulticast mode
[   20.959025] pimreg: entered allmulticast mode
[   20.978482] pimreg: entered allmulticast mode
[   20.998214] pimreg: entered allmulticast mode
[   21.003630] pimreg: left allmulticast mode
[   21.003940] pimreg: left allmulticast mode
[   21.004260] pimreg: left allmulticast mode
[   21.004563] pimreg: left allmulticast mode
[   21.004873] pimreg: left allmulticast mode
[   21.005182] pimreg: left allmulticast mode
[   21.005482] pimreg: left allmulticast mode
[   21.005780] pimreg: left allmulticast mode
[   21.026408] pimreg: entered allmulticast mode
[   21.044856] pimreg: entered allmulticast mode
[   21.069097] pimreg: entered allmulticast mode
[   21.090260] pimreg: entered allmulticast mode
[   21.122020] pimreg: entered allmulticast mode
[   21.150094] pimreg: entered allmulticast mode
[   21.171115] pimreg: left allmulticast mode
[   21.171717] pimreg: left allmulticast mode
[   21.172011] pimreg: left allmulticast mode
[   21.172340] pimreg: left allmulticast mode
[   21.172758] pimreg: left allmulticast mode
[   21.173072] pimreg: left allmulticast mode
[   21.173392] pimreg: left allmulticast mode
[   21.185459] pimreg: entered allmulticast mode
[   21.207166] pimreg: entered allmulticast mode
[   21.225668] pimreg: entered allmulticast mode
[   21.254517] pimreg: entered allmulticast mode
[   21.294021] pimreg: entered allmulticast mode
[   21.326538] pimreg: entered allmulticast mode
[   21.362280] pimreg: entered allmulticast mode
[   21.398347] pimreg: entered allmulticast mode
[   21.403019] pimreg: left allmulticast mode
[   21.403334] pimreg: left allmulticast mode
[   21.403620] pimreg: left allmulticast mode
[   21.403919] pimreg: left allmulticast mode
[   21.404234] pimreg: left allmulticast mode
[   21.404684] pimreg: left allmulticast mode
[   21.405350] pimreg: left allmulticast mode
[   21.405671] pimreg: left allmulticast mode
[   21.420259] pimreg: entered allmulticast mode
[   21.440298] pimreg: entered allmulticast mode
[   21.479962] pimreg: entered allmulticast mode
[   21.502318] pimreg: entered allmulticast mode
[   21.526623] pimreg: entered allmulticast mode
[   21.546459] pimreg: entered allmulticast mode
[   21.570416] pimreg: entered allmulticast mode
[   21.594457] pimreg: entered allmulticast mode
[   21.622037] pimreg: entered allmulticast mode
[   21.627228] pimreg: left allmulticast mode
[   21.627903] pimreg: left allmulticast mode
[   21.628239] pimreg: left allmulticast mode
[   21.628546] pimreg: left allmulticast mode
[   21.628861] pimreg: left allmulticast mode
[   21.629178] pimreg: left allmulticast mode
[   21.629484] pimreg: left allmulticast mode
[   21.629783] pimreg: left allmulticast mode
[   21.630122] pimreg: left allmulticast mode
[   21.645690] pimreg: entered allmulticast mode
[   21.679467] pimreg: entered allmulticast mode
[   21.701041] pimreg: entered allmulticast mode
[   21.738761] pimreg: entered allmulticast mode
[   21.766097] pimreg: entered allmulticast mode
[   21.794138] pimreg: entered allmulticast mode
[   21.834146] pimreg: entered allmulticast mode
[   21.853997] pimreg: entered allmulticast mode
[   21.874890] pimreg: entered allmulticast mode
[   21.894393] pimreg: entered allmulticast mode
[   21.894750] pimreg: left allmulticast mode
[   21.895108] pimreg: left allmulticast mode
[   21.895430] pimreg: left allmulticast mode
[   21.895732] pimreg: left allmulticast mode
[   21.896023] pimreg: left allmulticast mode
[   21.896340] pimreg: left allmulticast mode
[   21.896636] pimreg: left allmulticast mode
[   21.896947] pimreg: left allmulticast mode
[   21.897260] pimreg: left allmulticast mode
[   21.913137] pimreg: entered allmulticast mode
[   21.948365] pimreg: entered allmulticast mode
[   21.990359] pimreg: entered allmulticast mode
[   22.007484] pimreg: entered allmulticast mode
[   22.046737] pimreg: entered allmulticast mode
[   22.065751] pimreg: entered allmulticast mode
[   22.090220] pimreg: entered allmulticast mode
[   22.116380] pimreg: left allmulticast mode
[   22.116733] pimreg: left allmulticast mode
[   22.117076] pimreg: left allmulticast mode
[   22.117414] pimreg: left allmulticast mode
[   22.117742] pimreg: left allmulticast mode
[   22.118546] pimreg: left allmulticast mode
[   22.119150] pimreg: left allmulticast mode
[   22.119504] pimreg: left allmulticast mode
[   22.133631] pimreg: entered allmulticast mode
[   22.164441] pimreg: entered allmulticast mode
[   22.189049] pimreg: entered allmulticast mode
[   22.199045] pimreg: entered allmulticast mode
[   22.223074] pimreg: entered allmulticast mode
[   22.242268] pimreg: entered allmulticast mode
[   22.243639] pimreg: left allmulticast mode
[   22.243971] pimreg: left allmulticast mode
[   22.244301] pimreg: left allmulticast mode
[   22.244612] pimreg: left allmulticast mode
[   22.244920] pimreg: left allmulticast mode
[   22.261472] pimreg: entered allmulticast mode
[   22.287325] pimreg: entered allmulticast mode
[   22.314653] pimreg: entered allmulticast mode
[   22.338820] pimreg: entered allmulticast mode
[   22.354507] pimreg: entered allmulticast mode
[   22.367976] pimreg: left allmulticast mode
[   22.368334] pimreg: left allmulticast mode
[   22.368646] pimreg: left allmulticast mode
[   22.368954] pimreg: left allmulticast mode
[   22.369271] pimreg: left allmulticast mode
[   22.372154] pimreg: left allmulticast mode
[   22.382971] pimreg: entered allmulticast mode
[   22.401046] pimreg: entered allmulticast mode
[   22.414515] pimreg: entered allmulticast mode
[   22.430612] pimreg: entered allmulticast mode
[   22.462884] pimreg: entered allmulticast mode
[   22.486257] pimreg: entered allmulticast mode
[   22.511016] pimreg: entered allmulticast mode
[   22.526686] pimreg: left allmulticast mode
[   22.526978] pimreg: left allmulticast mode
[   22.527237] pimreg: left allmulticast mode
[   22.527521] pimreg: left allmulticast mode
[   22.527818] pimreg: left allmulticast mode
[   22.528460] pimreg: left allmulticast mode
[   22.528799] pimreg: left allmulticast mode
[   22.540719] pimreg: entered allmulticast mode
[   22.574445] pimreg: entered allmulticast mode
[   22.600716] pimreg: entered allmulticast mode
[   22.630242] pimreg: entered allmulticast mode
[   22.650279] pimreg: entered allmulticast mode
[   22.674413] pimreg: entered allmulticast mode
[   22.698236] pimreg: entered allmulticast mode
[   22.734241] pimreg: entered allmulticast mode
[   22.739626] pimreg: left allmulticast mode
[   22.739959] pimreg: left allmulticast mode
[   22.740289] pimreg: left allmulticast mode
[   22.740598] pimreg: left allmulticast mode
[   22.740890] pimreg: left allmulticast mode
[   22.741178] pimreg: left allmulticast mode
[   22.741461] pimreg: left allmulticast mode
[   22.762545] pimreg: entered allmulticast mode
[   22.786232] pimreg: entered allmulticast mode
[   22.806733] pimreg: entered allmulticast mode
[   22.825813] pimreg: entered allmulticast mode
[   22.846602] pimreg: entered allmulticast mode
[   22.878254] pimreg: entered allmulticast mode
[   22.899026] pimreg: left allmulticast mode
[   22.899649] pimreg: left allmulticast mode
[   22.899947] pimreg: left allmulticast mode
[   22.900249] pimreg: left allmulticast mode
[   22.900625] pimreg: left allmulticast mode
[   22.900912] pimreg: left allmulticast mode
[   22.901230] pimreg: left allmulticast mode
[   22.913016] pimreg: entered allmulticast mode
[   22.955794] pimreg: entered allmulticast mode
[   22.982383] pimreg: entered allmulticast mode
[   23.002464] pimreg: entered allmulticast mode
[   23.034390] pimreg: entered allmulticast mode
[   23.061924] pimreg: entered allmulticast mode
[   23.106105] pimreg: entered allmulticast mode
[   23.134260] pimreg: entered allmulticast mode
[   23.139480] pimreg: left allmulticast mode
[   23.139814] pimreg: left allmulticast mode
[   23.140138] pimreg: left allmulticast mode
[   23.140445] pimreg: left allmulticast mode
[   23.140746] pimreg: left allmulticast mode
[   23.141049] pimreg: left allmulticast mode
[   23.141365] pimreg: left allmulticast mode
[   23.162251] pimreg: entered allmulticast mode
[   23.186230] pimreg: entered allmulticast mode
[   23.207222] pimreg: entered allmulticast mode
[   23.234507] pimreg: entered allmulticast mode
[   23.254270] pimreg: entered allmulticast mode
[   23.275017] pimreg: left allmulticast mode
[   23.275335] pimreg: left allmulticast mode
[   23.275642] pimreg: left allmulticast mode
[   23.275942] pimreg: left allmulticast mode
[   23.276268] pimreg: left allmulticast mode
[   23.277590] pimreg: left allmulticast mode
[   23.287917] pimreg: entered allmulticast mode
[   23.305880] pimreg: entered allmulticast mode
[   23.324622] pimreg: entered allmulticast mode
[   23.362361] pimreg: entered allmulticast mode
[   23.406122] pimreg: entered allmulticast mode
[   23.434214] pimreg: entered allmulticast mode
[   23.470401] pimreg: entered allmulticast mode
[   23.494809] pimreg: left allmulticast mode
[   23.495141] pimreg: left allmulticast mode
[   23.495428] pimreg: left allmulticast mode
[   23.495695] pimreg: left allmulticast mode
[   23.495961] pimreg: left allmulticast mode
[   23.496245] pimreg: left allmulticast mode
[   23.496512] pimreg: left allmulticast mode
[   23.496817] pimreg: left allmulticast mode
[   23.509024] pimreg: entered allmulticast mode
[   23.527480] pimreg: entered allmulticast mode
[   23.550408] pimreg: entered allmulticast mode
[   23.562157] pimreg: entered allmulticast mode
[   23.594433] pimreg: entered allmulticast mode
[   23.614121] pimreg: entered allmulticast mode
[   23.646721] pimreg: left allmulticast mode
[   23.647052] pimreg: left allmulticast mode
[   23.647364] pimreg: left allmulticast mode
[   23.648074] pimreg: left allmulticast mode
[   23.648753] pimreg: left allmulticast mode
[   23.658317] pimreg: entered allmulticast mode
[   23.686165] pimreg: entered allmulticast mode
[   23.707523] pimreg: entered allmulticast mode
[   23.738318] pimreg: entered allmulticast mode
[   23.758378] pimreg: entered allmulticast mode
[   23.778074] pimreg: entered allmulticast mode
[   23.798525] pimreg: left allmulticast mode
[   23.798848] pimreg: left allmulticast mode
[   23.799163] pimreg: left allmulticast mode
[   23.799458] pimreg: left allmulticast mode
[   23.800649] pimreg: left allmulticast mode
[   23.800972] pimreg: left allmulticast mode
[   23.812129] pimreg: entered allmulticast mode
[   23.840774] pimreg: entered allmulticast mode
[   23.861508] pimreg: entered allmulticast mode
[   23.886921] pimreg: entered allmulticast mode
[   23.922386] pimreg: entered allmulticast mode
[   23.926695] pimreg: left allmulticast mode
[   23.927036] pimreg: left allmulticast mode
[   23.927324] pimreg: left allmulticast mode
[   23.927613] pimreg: left allmulticast mode
[   23.936581] pimreg: entered allmulticast mode
[   23.955039] pimreg: entered allmulticast mode
[   23.984568] pimreg: entered allmulticast mode
[   24.018094] pimreg: entered allmulticast mode
[   24.050104] pimreg: entered allmulticast mode
[   24.074462] pimreg: entered allmulticast mode
[   24.079098] pimreg: left allmulticast mode
[   24.079432] pimreg: left allmulticast mode
[   24.079748] pimreg: left allmulticast mode
[   24.080071] pimreg: left allmulticast mode
[   24.080369] pimreg: left allmulticast mode
[   24.080670] pimreg: left allmulticast mode
[   24.098134] pimreg: entered allmulticast mode
[   24.119327] pimreg: entered allmulticast mode
[   24.140787] pimreg: entered allmulticast mode
[   24.162567] pimreg: entered allmulticast mode
[   24.178446] pimreg: entered allmulticast mode
[   24.202356] pimreg: entered allmulticast mode
[   24.226396] pimreg: entered allmulticast mode
[   24.262644] pimreg: left allmulticast mode
[   24.262978] pimreg: left allmulticast mode
[   24.263263] pimreg: left allmulticast mode
[   24.263535] pimreg: left allmulticast mode
[   24.263826] pimreg: left allmulticast mode
[   24.264679] pimreg: left allmulticast mode
[   24.265004] pimreg: left allmulticast mode
[   24.265309] pimreg: left allmulticast mode
[   24.278650] pimreg: entered allmulticast mode
[   24.299608] pimreg: entered allmulticast mode
[   24.323088] pimreg: entered allmulticast mode
[   24.334304] pimreg: entered allmulticast mode
[   24.355055] pimreg: entered allmulticast mode
[   24.374281] pimreg: entered allmulticast mode
[   24.394596] pimreg: entered allmulticast mode
[   24.403909] pimreg: left allmulticast mode
[   24.404250] pimreg: left allmulticast mode
[   24.404562] pimreg: left allmulticast mode
[   24.404870] pimreg: left allmulticast mode
[   24.405179] pimreg: left allmulticast mode
[   24.405487] pimreg: left allmulticast mode
[   24.405789] pimreg: left allmulticast mode
[   24.418540] pimreg: entered allmulticast mode
[   24.450125] pimreg: entered allmulticast mode
[   24.464646] pimreg: entered allmulticast mode
[   24.482318] pimreg: entered allmulticast mode
[   24.538163] pimreg: entered allmulticast mode
[   24.565795] pimreg: entered allmulticast mode
[   24.590519] pimreg: entered allmulticast mode
[   24.614241] pimreg: entered allmulticast mode
[   24.634824] pimreg: left allmulticast mode
[   24.635168] pimreg: left allmulticast mode
[   24.635479] pimreg: left allmulticast mode
[   24.635781] pimreg: left allmulticast mode
[   24.636103] pimreg: left allmulticast mode
[   24.636498] pimreg: left allmulticast mode
[   24.636808] pimreg: left allmulticast mode
[   24.637121] pimreg: left allmulticast mode
[   24.651251] pimreg: entered allmulticast mode
[   24.680463] pimreg: entered allmulticast mode
[   24.719066] pimreg: entered allmulticast mode
[   24.747153] pimreg: entered allmulticast mode
[   24.762448] pimreg: entered allmulticast mode
[   24.790048] pimreg: entered allmulticast mode
[   24.813874] pimreg: entered allmulticast mode
[   24.838766] pimreg: entered allmulticast mode
[   24.868138] pimreg: left allmulticast mode
[   24.868470] pimreg: left allmulticast mode
[   24.868784] pimreg: left allmulticast mode
[   24.869102] pimreg: left allmulticast mode
[   24.869420] pimreg: left allmulticast mode
[   24.869745] pimreg: left allmulticast mode
[   24.870097] pimreg: left allmulticast mode
[   24.870408] pimreg: left allmulticast mode
[   24.883778] pimreg: entered allmulticast mode
[   24.904071] pimreg: entered allmulticast mode
[   24.925579] pimreg: entered allmulticast mode
[   24.958580] pimreg: entered allmulticast mode
[   25.006523] pimreg: entered allmulticast mode
[   25.058032] pimreg: entered allmulticast mode
[   25.098045] pimreg: entered allmulticast mode
[   25.126112] pimreg: entered allmulticast mode
[   25.130983] pimreg: left allmulticast mode
[   25.131301] pimreg: left allmulticast mode
[   25.131574] pimreg: left allmulticast mode
[   25.131864] pimreg: left allmulticast mode
[   25.132179] pimreg: left allmulticast mode
[   25.132629] pimreg: left allmulticast mode
[   25.133079] pimreg: left allmulticast mode
[   25.133376] pimreg: left allmulticast mode
[   25.147394] pimreg: entered allmulticast mode
[   25.174921] pimreg: entered allmulticast mode
[   25.187712] pimreg: entered allmulticast mode
[   25.206498] pimreg: entered allmulticast mode
[   25.238054] pimreg: entered allmulticast mode
[   25.265930] pimreg: entered allmulticast mode
[   25.306180] pimreg: entered allmulticast mode
[   25.342257] pimreg: entered allmulticast mode
[   25.378213] pimreg: entered allmulticast mode
[   25.383124] pimreg: left allmulticast mode
[   25.383449] pimreg: left allmulticast mode
[   25.383759] pimreg: left allmulticast mode
[   25.384071] pimreg: left allmulticast mode
[   25.384379] pimreg: left allmulticast mode
[   25.384836] pimreg: left allmulticast mode
[   25.385222] pimreg: left allmulticast mode
[   25.385522] pimreg: left allmulticast mode
[   25.385824] pimreg: left allmulticast mode
[   25.400869] pimreg: entered allmulticast mode
[   25.423723] pimreg: entered allmulticast mode
[   25.449902] pimreg: entered allmulticast mode
[   25.470464] pimreg: entered allmulticast mode
[   25.494895] pimreg: entered allmulticast mode
[   25.498938] pimreg: left allmulticast mode
[   25.499261] pimreg: left allmulticast mode
[   25.499540] pimreg: left allmulticast mode
[   25.499849] pimreg: left allmulticast mode
[   25.500157] pimreg: left allmulticast mode
[   25.518029] pimreg: entered allmulticast mode
[   25.550617] pimreg: entered allmulticast mode
[   25.574535] pimreg: entered allmulticast mode
[   25.606996] pimreg: entered allmulticast mode
[   25.627303] pimreg: left allmulticast mode
[   25.627637] pimreg: left allmulticast mode
[   25.627962] pimreg: left allmulticast mode
[   25.628276] pimreg: left allmulticast mode
[   25.638185] pimreg: entered allmulticast mode
[   25.666849] pimreg: entered allmulticast mode
[   25.703864] pimreg: entered allmulticast mode
[   25.734758] pimreg: entered allmulticast mode
[   25.750503] pimreg: left allmulticast mode
[   25.750823] pimreg: left allmulticast mode
[   25.751110] pimreg: left allmulticast mode
[   25.751416] pimreg: left allmulticast mode
[   25.759795] pimreg: entered allmulticast mode
[   25.774888] pimreg: entered allmulticast mode
[   25.809890] pimreg: entered allmulticast mode
[   25.830192] pimreg: entered allmulticast mode
[   25.863466] pimreg: entered allmulticast mode
[   25.878392] pimreg: entered allmulticast mode
[   25.882763] pimreg: left allmulticast mode
[   25.883095] pimreg: left allmulticast mode
[   25.883366] pimreg: left allmulticast mode
[   25.883654] pimreg: left allmulticast mode
[   25.883969] pimreg: left allmulticast mode
[   25.884266] pimreg: left allmulticast mode
[   25.895426] pimreg: entered allmulticast mode
[   25.916149] pimreg: entered allmulticast mode
[   25.926237] pimreg: entered allmulticast mode
[   25.946589] pimreg: entered allmulticast mode
[   25.986319] pimreg: entered allmulticast mode
[   26.018077] pimreg: entered allmulticast mode
[   26.041969] pimreg: entered allmulticast mode
[   26.078944] pimreg: left allmulticast mode
[   26.079487] pimreg: left allmulticast mode
[   26.079810] pimreg: left allmulticast mode
[   26.081095] pimreg: left allmulticast mode
[   26.081430] pimreg: left allmulticast mode
[   26.081748] pimreg: left allmulticast mode
[   26.082111] pimreg: left allmulticast mode
[   26.094015] pimreg: entered allmulticast mode
[   26.119241] pimreg: entered allmulticast mode
[   26.158447] pimreg: entered allmulticast mode
[   26.186491] pimreg: entered allmulticast mode
[   26.206372] pimreg: entered allmulticast mode
[   26.226653] pimreg: entered allmulticast mode
[   26.246313] pimreg: entered allmulticast mode
[   26.270338] pimreg: entered allmulticast mode
[   26.298951] pimreg: left allmulticast mode
[   26.299278] pimreg: left allmulticast mode
[   26.299589] pimreg: left allmulticast mode
[   26.299906] pimreg: left allmulticast mode
[   26.300224] pimreg: left allmulticast mode
[   26.301861] pimreg: left allmulticast mode
[   26.302521] pimreg: left allmulticast mode
[   26.302838] pimreg: left allmulticast mode
[   26.316053] pimreg: entered allmulticast mode
[   26.331690] pimreg: entered allmulticast mode
[   26.346338] pimreg: entered allmulticast mode
[   26.366965] pimreg: entered allmulticast mode
[   26.390401] pimreg: entered allmulticast mode
[   26.418176] pimreg: entered allmulticast mode
[   26.441736] pimreg: entered allmulticast mode
[   26.474489] pimreg: entered allmulticast mode
[   26.494949] pimreg: left allmulticast mode
[   26.495265] pimreg: left allmulticast mode
[   26.495536] pimreg: left allmulticast mode
[   26.495918] pimreg: left allmulticast mode
[   26.496228] pimreg: left allmulticast mode
[   26.496619] pimreg: left allmulticast mode
[   26.496938] pimreg: left allmulticast mode
[   26.497240] pimreg: left allmulticast mode
[   26.497543] pimreg: left allmulticast mode
[   26.511527] pimreg: entered allmulticast mode
[   26.534603] pimreg: entered allmulticast mode
[   26.561053] pimreg: entered allmulticast mode
[   26.575413] pimreg: entered allmulticast mode
[   26.630110] pimreg: entered allmulticast mode
[   26.657715] pimreg: entered allmulticast mode
[   26.686683] pimreg: entered allmulticast mode
[   26.710316] pimreg: entered allmulticast mode
[   26.734477] pimreg: entered allmulticast mode
[   26.766927] pimreg: left allmulticast mode
[   26.767480] pimreg: left allmulticast mode
[   26.767822] pimreg: left allmulticast mode
[   26.768145] pimreg: left allmulticast mode
[   26.768539] pimreg: left allmulticast mode
[   26.768855] pimreg: left allmulticast mode
[   26.769174] pimreg: left allmulticast mode
[   26.769480] pimreg: left allmulticast mode
[   26.783205] pimreg: entered allmulticast mode
[   26.810910] pimreg: entered allmulticast mode
[   26.864099] pimreg: entered allmulticast mode
[   26.882315] pimreg: entered allmulticast mode
[   26.910090] pimreg: entered allmulticast mode
[   26.942117] pimreg: entered allmulticast mode
[   26.966633] pimreg: entered allmulticast mode
[   26.990379] pimreg: entered allmulticast mode
[   27.015386] pimreg: entered allmulticast mode
[   27.015785] pimreg: left allmulticast mode
[   27.016140] pimreg: left allmulticast mode
[   27.016450] pimreg: left allmulticast mode
[   27.016763] pimreg: left allmulticast mode
[   27.017064] pimreg: left allmulticast mode
[   27.017375] pimreg: left allmulticast mode
[   27.017676] pimreg: left allmulticast mode
[   27.018316] pimreg: left allmulticast mode
[   27.031361] pimreg: entered allmulticast mode
[   27.056355] pimreg: entered allmulticast mode
[   27.078955] pimreg: entered allmulticast mode
[   27.102188] pimreg: entered allmulticast mode
[   27.129678] pimreg: entered allmulticast mode
[   27.154243] pimreg: entered allmulticast mode
[   27.177952] pimreg: entered allmulticast mode
[   27.202118] pimreg: entered allmulticast mode
[   27.222833] pimreg: left allmulticast mode
[   27.223173] pimreg: left allmulticast mode
[   27.223485] pimreg: left allmulticast mode
[   27.223802] pimreg: left allmulticast mode
[   27.224123] pimreg: left allmulticast mode
[   27.224454] pimreg: left allmulticast mode
[   27.224767] pimreg: left allmulticast mode
[   27.225599] pimreg: left allmulticast mode
[   27.225948] pimreg: left allmulticast mode
[   27.240259] pimreg: entered allmulticast mode
[   27.265025] pimreg: entered allmulticast mode
[   27.283363] pimreg: entered allmulticast mode
[   27.305718] pimreg: entered allmulticast mode
[   27.342106] pimreg: entered allmulticast mode
[   27.366129] pimreg: entered allmulticast mode
[   27.402298] pimreg: entered allmulticast mode
[   27.458112] pimreg: entered allmulticast mode
[   27.482080] pimreg: entered allmulticast mode
[   27.515035] pimreg: left allmulticast mode
[   27.515340] pimreg: left allmulticast mode
[   27.515652] pimreg: left allmulticast mode
[   27.515976] pimreg: left allmulticast mode
[   27.516287] pimreg: left allmulticast mode
[   27.516601] pimreg: left allmulticast mode
[   27.516916] pimreg: left allmulticast mode
[   27.517222] pimreg: left allmulticast mode
[   27.517531] pimreg: left allmulticast mode
[   27.531746] pimreg: entered allmulticast mode
[   27.542051] pimreg: entered allmulticast mode
[   27.556422] pimreg: entered allmulticast mode
[   27.582649] pimreg: entered allmulticast mode
[   27.626375] pimreg: entered allmulticast mode
[   27.654272] pimreg: entered allmulticast mode
[   27.674378] pimreg: entered allmulticast mode
[   27.686138] pimreg: entered allmulticast mode
[   27.718045] pimreg: entered allmulticast mode
[   27.747297] pimreg: left allmulticast mode
[   27.747631] pimreg: left allmulticast mode
[   27.747960] pimreg: left allmulticast mode
[   27.748273] pimreg: left allmulticast mode
[   27.748583] pimreg: left allmulticast mode
[   27.748889] pimreg: left allmulticast mode
[   27.749189] pimreg: left allmulticast mode
[   27.749495] pimreg: left allmulticast mode
[   27.749797] pimreg: left allmulticast mode
[   27.763888] pimreg: entered allmulticast mode
[   27.791614] pimreg: entered allmulticast mode
[   27.803037] pimreg: entered allmulticast mode
[   27.830047] pimreg: entered allmulticast mode
[   27.841957] pimreg: entered allmulticast mode
[   27.861740] pimreg: entered allmulticast mode
[   27.881876] pimreg: entered allmulticast mode
[   27.914432] pimreg: entered allmulticast mode
[   27.955336] pimreg: left allmulticast mode
[   27.955635] pimreg: left allmulticast mode
[   27.955926] pimreg: left allmulticast mode
[   27.956231] pimreg: left allmulticast mode
[   27.956545] pimreg: left allmulticast mode
[   27.956945] pimreg: left allmulticast mode
[   27.957253] pimreg: left allmulticast mode
[   27.957560] pimreg: left allmulticast mode
[   27.971138] pimreg: entered allmulticast mode
[   27.995677] pimreg: entered allmulticast mode
[   28.028016] pimreg: entered allmulticast mode
[   28.039150] pimreg: entered allmulticast mode
[   28.070109] pimreg: entered allmulticast mode
[   28.090215] pimreg: entered allmulticast mode
[   28.114603] pimreg: entered allmulticast mode
[   28.139123] pimreg: left allmulticast mode
[   28.139430] pimreg: left allmulticast mode
[   28.139741] pimreg: left allmulticast mode
[   28.140043] pimreg: left allmulticast mode
[   28.140352] pimreg: left allmulticast mode
[   28.140743] pimreg: left allmulticast mode
[   28.141058] pimreg: left allmulticast mode
[   28.153017] pimreg: entered allmulticast mode
[   28.191494] pimreg: entered allmulticast mode
[   28.214604] pimreg: entered allmulticast mode
[   28.227369] pimreg: entered allmulticast mode
[   28.258874] pimreg: left allmulticast mode
[   28.259174] pimreg: left allmulticast mode
[   28.259481] pimreg: left allmulticast mode
[   28.259776] pimreg: left allmulticast mode
