c[?7l[2J[0mSeaBIOS (version rel-1.16.3-0-ga6ed6b701f0a-prebuilt.qemu.org)


iPXE (http://ipxe.org) 00:03.0 CA00 PCI2.10 PnP PMM+7EFD0D60+7EF30D60 CA00
Press Ctrl-B to configure iPXE (PCI 00:03.0)...                                                                               


Booting from ROM...
c[?7l[2J[    0.000000] Linux version 5.12.0-v5.12 (root@gnr-800442) (gcc (GCC) 11.5.0 20240719 (Red Hat 11.5.0-14), GNU ld version 2.35.2-66.el9) #1 SMP Wed May 6 09:20:36 CST 2026
[    0.000000] Command line: console=ttyS0 root=/dev/sda earlyprintk=serial net.ifnames=0 thunderbolt.dyndbg
[    0.000000] KERNEL supported cpus:
[    0.000000]   Intel GenuineIntel
[    0.000000]   AMD AuthenticAMD
[    0.000000]   Hygon HygonGenuine
[    0.000000]   Centaur CentaurHauls
[    0.000000]   zhaoxin   Shanghai  
[    0.000000] x86/fpu: Supporting XSAVE feature 0x001: 'x87 floating point registers'
[    0.000000] x86/fpu: Supporting XSAVE feature 0x002: 'SSE registers'
[    0.000000] x86/fpu: Supporting XSAVE feature 0x004: 'AVX registers'
[    0.000000] x86/fpu: Supporting XSAVE feature 0x020: 'AVX-512 opmask'
[    0.000000] x86/fpu: Supporting XSAVE feature 0x040: 'AVX-512 Hi256'
[    0.000000] x86/fpu: Supporting XSAVE feature 0x080: 'AVX-512 ZMM_Hi256'
[    0.000000] x86/fpu: Supporting XSAVE feature 0x200: 'Protection Keys User registers'
[    0.000000] x86/fpu: xstate_offset[2]:  576, xstate_sizes[2]:  256
[    0.000000] x86/fpu: xstate_offset[5]:  832, xstate_sizes[5]:   64
[    0.000000] x86/fpu: xstate_offset[6]:  896, xstate_sizes[6]:  512
[    0.000000] x86/fpu: xstate_offset[7]: 1408, xstate_sizes[7]: 1024
[    0.000000] x86/fpu: xstate_offset[9]: 2432, xstate_sizes[9]:    8
[    0.000000] x86/fpu: Enabled xstate features 0x2e7, context size is 2440 bytes, using 'compacted' format.
[    0.000000] BIOS-provided physical RAM map:
[    0.000000] BIOS-e820: [mem 0x0000000000000000-0x000000000009fbff] usable
[    0.000000] BIOS-e820: [mem 0x000000000009fc00-0x000000000009ffff] reserved
[    0.000000] BIOS-e820: [mem 0x00000000000f0000-0x00000000000fffff] reserved
[    0.000000] BIOS-e820: [mem 0x0000000000100000-0x000000007ffdffff] usable
[    0.000000] BIOS-e820: [mem 0x000000007ffe0000-0x000000007fffffff] reserved
[    0.000000] BIOS-e820: [mem 0x00000000feffc000-0x00000000feffffff] reserved
[    0.000000] BIOS-e820: [mem 0x00000000fffc0000-0x00000000ffffffff] reserved
[    0.000000] printk: bootconsole [earlyser0] enabled
[    0.000000] NX (Execute Disable) protection: active
[    0.000000] SMBIOS 3.0.0 present.
[    0.000000] DMI: QEMU Standard PC (i440FX + PIIX, 1996), BIOS rel-1.16.3-0-ga6ed6b701f0a-prebuilt.qemu.org 04/01/2014
[    0.000000] Hypervisor detected: KVM
[    0.000000] kvm-clock: Using msrs 4b564d01 and 4b564d00
[    0.000000] kvm-clock: cpu 0, msr 8401001, primary cpu clock
[    0.000000] kvm-clock: using sched offset of 545019739 cycles
[    0.000578] clocksource: kvm-clock: mask: 0xffffffffffffffff max_cycles: 0x1cd42e4dffb, max_idle_ns: 881590591483 ns
[    0.002267] tsc: Detected 2500.000 MHz processor
[    0.008435] last_pfn = 0x7ffe0 max_arch_pfn = 0x10000000000
[    0.009064] x86/PAT: Configuration [0-7]: WB  WC  UC- UC  WB  WP  UC- WT  
[    0.014464] found SMP MP-table at [mem 0x000f5480-0x000f548f]
[    0.015800] check: Scanning 1 areas for low memory corruption
[    0.016421] Using GB pages for direct mapping
[    0.017907] ACPI: Early table checksum verification disabled
[    0.018495] ACPI: RSDP 0x00000000000F52A0 000014 (v00 BOCHS )
[    0.019103] ACPI: RSDT 0x000000007FFE1C9B 000034 (v01 BOCHS  BXPC     00000001 BXPC 00000001)
[    0.019999] ACPI: FACP 0x000000007FFE1B47 000074 (v01 BOCHS  BXPC     00000001 BXPC 00000001)
[    0.020901] ACPI: DSDT 0x000000007FFE0040 001B07 (v01 BOCHS  BXPC     00000001 BXPC 00000001)
[    0.021793] ACPI: FACS 0x000000007FFE0000 000040
[    0.022288] ACPI: APIC 0x000000007FFE1BBB 000080 (v03 BOCHS  BXPC     00000001 BXPC 00000001)
[    0.023180] ACPI: HPET 0x000000007FFE1C3B 000038 (v01 BOCHS  BXPC     00000001 BXPC 00000001)
[    0.024074] ACPI: WAET 0x000000007FFE1C73 000028 (v01 BOCHS  BXPC     00000001 BXPC 00000001)
[    0.024966] ACPI: Reserving FACP table memory at [mem 0x7ffe1b47-0x7ffe1bba]
[    0.025695] ACPI: Reserving DSDT table memory at [mem 0x7ffe0040-0x7ffe1b46]
[    0.026431] ACPI: Reserving FACS table memory at [mem 0x7ffe0000-0x7ffe003f]
[    0.027161] ACPI: Reserving APIC table memory at [mem 0x7ffe1bbb-0x7ffe1c3a]
[    0.027891] ACPI: Reserving HPET table memory at [mem 0x7ffe1c3b-0x7ffe1c72]
[    0.028618] ACPI: Reserving WAET table memory at [mem 0x7ffe1c73-0x7ffe1c9a]
[    0.029938] No NUMA configuration found
[    0.030338] Faking a node at [mem 0x0000000000000000-0x000000007ffdffff]
[    0.031081] NODE_DATA(0) allocated [mem 0x7ffb5000-0x7ffdffff]
[    0.034287] Zone ranges:
[    0.034571]   DMA      [mem 0x0000000000001000-0x0000000000ffffff]
[    0.035223]   DMA32    [mem 0x0000000001000000-0x000000007ffdffff]
[    0.035872]   Normal   empty
[    0.036175]   Device   empty
[    0.036479] Movable zone start for each node
[    0.036926] Early memory node ranges
[    0.037298]   node   0: [mem 0x0000000000001000-0x000000000009efff]
[    0.037958]   node   0: [mem 0x0000000000100000-0x000000007ffdffff]
[    0.038609] Initmem setup node 0 [mem 0x0000000000001000-0x000000007ffdffff]
[    0.040667]   DMA zone: 28770 pages in unavailable ranges
[    0.057518]   DMA32 zone: 32 pages in unavailable ranges
[    0.145511] kasan: KernelAddressSanitizer initialized
[    0.146388] ACPI: PM-Timer IO Port: 0x608
[    0.146837] ACPI: LAPIC_NMI (acpi_id[0xff] dfl dfl lint[0x1])
[    0.147486] IOAPIC[0]: apic_id 0, version 17, address 0xfec00000, GSI 0-23
[    0.148218] ACPI: INT_SRC_OVR (bus 0 bus_irq 0 global_irq 2 dfl dfl)
[    0.148883] ACPI: INT_SRC_OVR (bus 0 bus_irq 5 global_irq 5 high level)
[    0.149567] ACPI: INT_SRC_OVR (bus 0 bus_irq 9 global_irq 9 high level)
[    0.150259] ACPI: INT_SRC_OVR (bus 0 bus_irq 10 global_irq 10 high level)
[    0.150966] ACPI: INT_SRC_OVR (bus 0 bus_irq 11 global_irq 11 high level)
[    0.151695] Using ACPI (MADT) for SMP configuration information
[    0.152308] ACPI: HPET id: 0x8086a201 base: 0xfed00000
[    0.152858] TSC deadline timer available
[    0.153268] smpboot: Allowing 2 CPUs, 0 hotplug CPUs
[    0.153794] kvm-guest: KVM setup pv remote TLB flush
[    0.154323] kvm-guest: setup PV sched yield
[    0.154797] PM: hibernation: Registered nosave memory: [mem 0x00000000-0x00000fff]
[    0.155586] PM: hibernation: Registered nosave memory: [mem 0x0009f000-0x0009ffff]
[    0.156373] PM: hibernation: Registered nosave memory: [mem 0x000a0000-0x000effff]
[    0.157163] PM: hibernation: Registered nosave memory: [mem 0x000f0000-0x000fffff]
[    0.157949] [mem 0x80000000-0xfeffbfff] available for PCI devices
[    0.158575] Booting paravirtualized kernel on KVM
[    0.159074] clocksource: refined-jiffies: mask: 0xffffffff max_cycles: 0xffffffff, max_idle_ns: 7645519600211568 ns
[    0.160170] setup_percpu: NR_CPUS:8192 nr_cpumask_bits:2 nr_cpu_ids:2 nr_node_ids:1
[    0.161427] percpu: Embedded 66 pages/cpu s233472 r8192 d28672 u1048576
[    0.162308] kvm-guest: KVM setup async PF for cpu 0
[    0.162819] kvm-guest: stealtime: cpu 0, msr 5e038080
[    0.163357] kvm-guest: PV spinlocks enabled
[    0.163803] PV qspinlock hash table entries: 256 (order: 0, 4096 bytes, linear)
[    0.164590] Built 1 zonelists, mobility grouping on.  Total pages: 515945
[    0.165305] Policy zone: DMA32
[    0.165628] Kernel command line: net.ifnames=0 console=ttyS0 root=/dev/sda earlyprintk=serial net.ifnames=0 thunderbolt.dyndbg
[    0.167406] Dentry cache hash table entries: 262144 (order: 9, 2097152 bytes, linear)
[    0.168562] Inode-cache hash table entries: 131072 (order: 8, 1048576 bytes, linear)
[    0.169483] mem auto-init: stack:off, heap alloc:off, heap free:off
[    0.208016] Memory: 1409676K/2096632K available (63505K kernel code, 13792K rwdata, 13176K rodata, 3704K init, 23252K bss, 686756K reserved, 0K cma-reserved)
[    0.209472] random: get_random_u64 called from __kmem_cache_create+0x2a/0x560 with crng_init=0
[    0.210110] SLUB: HWalign=64, Order=0-3, MinObjects=0, CPUs=2, Nodes=1
[    0.211657] kmemleak: Kernel memory leak detector disabled
[    0.212261] ftrace: allocating 61391 entries in 240 pages
[    0.281574] ftrace: allocated 240 pages with 4 groups
[    0.282546] Running RCU self tests
[    0.282907] rcu: Hierarchical RCU implementation.
[    0.283385] rcu: 	RCU lockdep checking is enabled.
[    0.283879] rcu: 	RCU restricting CPUs from NR_CPUS=8192 to nr_cpu_ids=2.
[    0.284565] 	Trampoline variant of Tasks RCU enabled.
[    0.285083] 	Rude variant of Tasks RCU enabled.
[    0.285543] 	Tracing variant of Tasks RCU enabled.
[    0.286032] rcu: RCU calculated value of scheduler-enlistment delay is 25 jiffies.
[    0.286796] rcu: Adjusting geometry for rcu_fanout_leaf=16, nr_cpu_ids=2
[    0.305959] NR_IRQS: 524544, nr_irqs: 440, preallocated irqs: 16
[    0.315888] Console: colour VGA+ 80x25
[    0.316317] printk: console [ttyS0] enabled
[    0.316317] printk: console [ttyS0] enabled
[    0.317137] printk: bootconsole [earlyser0] disabled
[    0.317137] printk: bootconsole [earlyser0] disabled
[    0.318086] Lock dependency validator: Copyright (c) 2006 Red Hat, Inc., Ingo Molnar
[    0.318831] ... MAX_LOCKDEP_SUBCLASSES:  8
[    0.319233] ... MAX_LOCK_DEPTH:          48
[    0.319638] ... MAX_LOCKDEP_KEYS:        8192
[    0.320068] ... CLASSHASH_SIZE:          4096
[    0.320494] ... MAX_LOCKDEP_ENTRIES:     32768
[    0.320935] ... MAX_LOCKDEP_CHAINS:      65536
[    0.321366] ... CHAINHASH_SIZE:          32768
[    0.321831]  memory used by lock dependency info: 6365 kB
[    0.322400]  memory used for stack traces: 4224 kB
[    0.322908]  per task-struct memory footprint: 1920 bytes
[    0.323529] ACPI: Core revision 20210105
[    0.324264] clocksource: hpet: mask: 0xffffffff max_cycles: 0xffffffff, max_idle_ns: 19112604467 ns
[    0.325299] APIC: Switch to symmetric I/O mode setup
[    0.326154] x2apic enabled
[    0.326663] Switched APIC routing to physical x2apic.
[    0.327205] kvm-guest: setup PV IPIs
[    0.328660] ..TIMER: vector=0x30 apic1=0 pin1=2 apic2=-1 pin2=-1
[    0.329331] clocksource: tsc-early: mask: 0xffffffffffffffff max_cycles: 0x240939f1bb2, max_idle_ns: 440795263295 ns
[    0.330518] Calibrating delay loop (skipped) preset value.. 5000.00 BogoMIPS (lpj=10000000)
[    0.331403] pid_max: default: 32768 minimum: 301
[    0.332026] LSM: Security Framework initializing
[    0.332531] Yama: becoming mindful.
[    0.333099] Mount-cache hash table entries: 4096 (order: 3, 32768 bytes, linear)
[    0.334517] Mountpoint-cache hash table entries: 4096 (order: 3, 32768 bytes, linear)
[    0.336590] x86/cpu: User Mode Instruction Prevention (UMIP) activated
[    0.337340] Last level iTLB entries: 4KB 0, 2MB 0, 4MB 0
[    0.337871] Last level dTLB entries: 4KB 0, 2MB 0, 4MB 0, 1GB 0
[    0.338531] Spectre V1 : Mitigation: usercopy/swapgs barriers and __user pointer sanitization
[    0.339405] Spectre V2 : Mitigation: Enhanced IBRS
[    0.339860] Spectre V2 : Spectre v2 / SpectreRSB mitigation: Filling RSB on context switch
[    0.340640] Spectre V2 : mitigation: Enabling conditional Indirect Branch Prediction Barrier
[    0.341440] Speculative Store Bypass: Mitigation: Speculative Store Bypass disabled via prctl and seccomp
[    0.343028] Freeing SMP alternatives memory: 48K
[    0.344892] smpboot: CPU0: Intel GENUINE INTEL(R) XEON(R) (family: 0x6, model: 0xad, stepping: 0x0)
[    0.346311] Running RCU-tasks wait API self tests
[    0.446665] Performance Events: PEBS fmt0-, generic architected perfmon, full-width counters, Intel PMU driver.
[    0.447793] ... version:                2
[    0.448228] ... bit width:              48
[    0.448665] ... generic registers:      8
[    0.449098] ... value mask:             0000ffffffffffff
[    0.449655] ... max period:             00007fffffffffff
[    0.450221] ... fixed-purpose events:   3
[    0.450512] ... event mask:             00000007000000ff
[    0.451442] rcu: Hierarchical SRCU implementation.
[    0.454551] Callback from call_rcu_tasks_trace() invoked.
[    0.456264] smp: Bringing up secondary CPUs ...
[    0.457282] x86: Booting SMP configuration:
[    0.457745] .... node  #0, CPUs:      #1
[    0.019573] kvm-clock: cpu 1, msr 8401041, secondary cpu clock
[    0.458775] kvm-guest: KVM setup async PF for cpu 1
[    0.459913] kvm-guest: stealtime: cpu 1, msr 5e138080
[    0.460584] smp: Brought up 1 node, 2 CPUs
[    0.460584] smpboot: Max logical packages: 1
[    0.460584] smpboot: Total of 2 processors activated (10000.00 BogoMIPS)
[    0.463474] devtmpfs: initialized
[    0.463474] x86/mm: Memory block size: 128MB
[    0.471074] clocksource: jiffies: mask: 0xffffffff max_cycles: 0xffffffff, max_idle_ns: 7645041785100000 ns
[    0.472121] futex hash table entries: 512 (order: 4, 65536 bytes, linear)
[    0.473157] pinctrl core: initialized pinctrl subsystem
[    0.474940] 
[    0.475124] *************************************************************
[    0.475832] **     NOTICE NOTICE NOTICE NOTICE NOTICE NOTICE NOTICE    **
[    0.476544] **                                                         **
[    0.477257] **  IOMMU DebugFS SUPPORT HAS BEEN ENABLED IN THIS KERNEL  **
[    0.477963] **                                                         **
[    0.478516] ** This means that this kernel is built to expose internal **
[    0.479228] ** IOMMU data structures, which may compromise security on **
[    0.479945] ** your system.                                            **
[    0.480653] **                                                         **
[    0.481364] ** If you see this message and you are not debugging the   **
[    0.482074] ** kernel, report this immediately to your vendor!         **
[    0.482509] **                                                         **
[    0.483224] **     NOTICE NOTICE NOTICE NOTICE NOTICE NOTICE NOTICE    **
[    0.483939] *************************************************************
[    0.484720] PM: RTC time: 01:23:09, date: 2026-05-06
[    0.486333] NET: Registered protocol family 16
[    0.487256] DMA: preallocated 256 KiB GFP_KERNEL pool for atomic allocations
[    0.488018] DMA: preallocated 256 KiB GFP_KERNEL|GFP_DMA pool for atomic allocations
[    0.488846] DMA: preallocated 256 KiB GFP_KERNEL|GFP_DMA32 pool for atomic allocations
[    0.489728] audit: initializing netlink subsys (disabled)
[    0.490570] audit: type=2000 audit(1778030589.769:1): state=initialized audit_enabled=0 res=1
[    0.491956] thermal_sys: Registered thermal governor 'fair_share'
[    0.491965] thermal_sys: Registered thermal governor 'bang_bang'
[    0.492635] thermal_sys: Registered thermal governor 'step_wise'
[    0.493270] thermal_sys: Registered thermal governor 'user_space'
[    0.494584] cpuidle: using governor ladder
[    0.495667] cpuidle: using governor menu
[    0.496449] ACPI: bus type PCI registered
[    0.496894] acpiphp: ACPI Hot Plug PCI Controller Driver version: 0.5
[    0.498528] PCI: Using configuration type 1 for base access
[    0.521021] Kprobes globally optimized
[    0.521460] HugeTLB registered 1.00 GiB page size, pre-allocated 0 pages
[    0.521460] HugeTLB registered 2.00 MiB page size, pre-allocated 0 pages
[    0.527237] ACPI: Added _OSI(Module Device)
[    0.530670] ACPI: Added _OSI(Processor Device)
[    0.531148] ACPI: Added _OSI(3.0 _SCP Extensions)
[    0.531643] ACPI: Added _OSI(Processor Aggregator Device)
[    0.532222] ACPI: Added _OSI(Linux-Dell-Video)
[    0.532693] ACPI: Added _OSI(Linux-Lenovo-NV-HDMI-Audio)
[    0.533256] ACPI: Added _OSI(Linux-HPI-Hybrid-Graphics)
[    0.547569] ACPI: 1 ACPI AML tables successfully acquired and loaded
[    0.550805] Callback from call_rcu_tasks_rude() invoked.
[    0.554787] ACPI: Interpreter enabled
[    0.555312] ACPI: (supports S0 S3 S4 S5)
[    0.555731] ACPI: Using IOAPIC for interrupt routing
[    0.556336] PCI: Using host bridge windows from ACPI; if necessary, use "pci=nocrs" and report a bug
[    0.558478] ACPI: Enabled 2 GPEs in block 00 to 0F
[    0.590469] ACPI: PCI Root Bridge [PCI0] (domain 0000 [bus 00-ff])
[    0.590532] acpi PNP0A03:00: _OSC: OS supports [ASPM ClockPM Segments MSI EDR HPX-Type3]
[    0.591496] acpi PNP0A03:00: fail to add MMCONFIG information, can't access extended PCI configuration space under this bridge.
[    0.596250] acpiphp: Slot [3] registered
[    0.596799] acpiphp: Slot [4] registered
[    0.597329] acpiphp: Slot [5] registered
[    0.597868] acpiphp: Slot [6] registered
[    0.598393] acpiphp: Slot [7] registered
[    0.598621] acpiphp: Slot [8] registered
[    0.599111] acpiphp: Slot [9] registered
[    0.599629] acpiphp: Slot [10] registered
[    0.600499] acpiphp: Slot [11] registered
[    0.601065] acpiphp: Slot [12] registered
[    0.601646] acpiphp: Slot [13] registered
[    0.602200] acpiphp: Slot [14] registered
[    0.602636] acpiphp: Slot [15] registered
[    0.603187] acpiphp: Slot [16] registered
[    0.603738] acpiphp: Slot [17] registered
[    0.604286] acpiphp: Slot [18] registered
[    0.604831] acpiphp: Slot [19] registered
[    0.605386] acpiphp: Slot [20] registered
[    0.605933] acpiphp: Slot [21] registered
[    0.606481] acpiphp: Slot [22] registered
[    0.606632] acpiphp: Slot [23] registered
[    0.607191] acpiphp: Slot [24] registered
[    0.607736] acpiphp: Slot [25] registered
[    0.608286] acpiphp: Slot [26] registered
[    0.608839] acpiphp: Slot [27] registered
[    0.609388] acpiphp: Slot [28] registered
[    0.609955] acpiphp: Slot [29] registered
[    0.610505] acpiphp: Slot [30] registered
[    0.611063] acpiphp: Slot [31] registered
[    0.611544] PCI host bridge to bus 0000:00
[    0.611989] pci_bus 0000:00: root bus resource [io  0x0000-0x0cf7 window]
[    0.612701] pci_bus 0000:00: root bus resource [io  0x0d00-0xffff window]
[    0.613419] pci_bus 0000:00: root bus resource [mem 0x000a0000-0x000bffff window]
[    0.614537] pci_bus 0000:00: root bus resource [mem 0x80000000-0xfebfffff window]
[    0.615329] pci_bus 0000:00: root bus resource [mem 0x100000000-0x17fffffff window]
[    0.616138] pci_bus 0000:00: root bus resource [bus 00-ff]
[    0.616841] pci 0000:00:00.0: [8086:1237] type 00 class 0x060000
[    0.619487] pci 0000:00:01.0: [8086:7000] type 00 class 0x060100
[    0.621760] pci 0000:00:01.1: [8086:7010] type 00 class 0x010180
[    0.623897] pci 0000:00:01.1: reg 0x20: [io  0xc040-0xc04f]
[    0.625162] pci 0000:00:01.1: legacy IDE quirk: reg 0x10: [io  0x01f0-0x01f7]
[    0.625905] pci 0000:00:01.1: legacy IDE quirk: reg 0x14: [io  0x03f6]
[    0.626513] pci 0000:00:01.1: legacy IDE quirk: reg 0x18: [io  0x0170-0x0177]
[    0.627244] pci 0000:00:01.1: legacy IDE quirk: reg 0x1c: [io  0x0376]
[    0.629282] pci 0000:00:01.3: [8086:7113] type 00 class 0x068000
[    0.630316] pci 0000:00:01.3: quirk: [io  0x0600-0x063f] claimed by PIIX4 ACPI
[    0.630520] pci 0000:00:01.3: quirk: [io  0x0700-0x070f] claimed by PIIX4 SMB
[    0.632848] pci 0000:00:02.0: [1234:1111] type 00 class 0x030000
[    0.634808] pci 0000:00:02.0: reg 0x10: [mem 0xfd000000-0xfdffffff pref]
[    0.639140] pci 0000:00:02.0: reg 0x18: [mem 0xfebf0000-0xfebf0fff]
[    0.651024] pci 0000:00:02.0: reg 0x30: [mem 0xfebe0000-0xfebeffff pref]
[    0.653276] pci 0000:00:03.0: [8086:100e] type 00 class 0x020000
[    0.654447] pci 0000:00:03.0: reg 0x10: [mem 0xfebc0000-0xfebdffff]
[    0.658763] pci 0000:00:03.0: reg 0x14: [io  0xc000-0xc03f]
[    0.670852] pci 0000:00:03.0: reg 0x30: [mem 0xfeb80000-0xfebbffff pref]
[    0.686565] ACPI: PCI Interrupt Link [LNKA] (IRQs 5 *10 11)
[    0.687992] ACPI: PCI Interrupt Link [LNKB] (IRQs 5 *10 11)
[    0.689389] ACPI: PCI Interrupt Link [LNKC] (IRQs 5 10 *11)
[    0.690790] ACPI: PCI Interrupt Link [LNKD] (IRQs 5 10 *11)
[    0.691732] ACPI: PCI Interrupt Link [LNKS] (IRQs *9)
[    0.694774] iommu: Default domain type: Translated 
[    0.694774] pci 0000:00:02.0: vgaarb: setting as boot VGA device
[    0.695254] pci 0000:00:02.0: vgaarb: VGA device added: decodes=io+mem,owns=io+mem,locks=none
[    0.696159] pci 0000:00:02.0: vgaarb: bridge control possible
[    0.696773] vgaarb: loaded
[    0.699239] SCSI subsystem initialized
[    0.699652] ACPI: bus type USB registered
[    0.699652] usbcore: registered new interface driver usbfs
[    0.702602] usbcore: registered new interface driver hub
[    0.703227] usbcore: registered new device driver usb
[    0.703942] pps_core: LinuxPPS API ver. 1 registered
[    0.704475] pps_core: Software ver. 5.3.6 - Copyright 2005-2007 Rodolfo Giometti <giometti@linux.it>
[    0.705456] PTP clock support registered
[    0.705968] EDAC MC: Ver: 3.0.0
[    0.707811] NetLabel: Initializing
[    0.708230] NetLabel:  domain hash size = 128
[    0.708723] NetLabel:  protocols = UNLABELED CIPSOv4 CALIPSO
[    0.709410] NetLabel:  unlabeled traffic allowed by default
[    0.710632] PCI: Using ACPI for IRQ routing
[    0.711260] hpet0: at MMIO 0xfed00000, IRQs 2, 8, 0
[    0.711502] hpet0: 3 comparators, 64-bit 100.000000 MHz counter
[    0.718291] clocksource: Switched to clocksource kvm-clock
[    0.762683] Callback from call_rcu_tasks() invoked.
[    0.869311] VFS: Disk quotas dquot_6.6.0
[    0.869797] VFS: Dquot-cache hash table entries: 512 (order 0, 4096 bytes)
[    0.870966] pnp: PnP ACPI init
[    0.874528] pnp: PnP ACPI: found 6 devices
[    0.888492] clocksource: acpi_pm: mask: 0xffffff max_cycles: 0xffffff, max_idle_ns: 2085701024 ns
[    0.889751] NET: Registered protocol family 2
[    2.769901] tcp_listen_portaddr_hash hash table entries: 1024 (order: 4, 81920 bytes, linear)
[    2.770892] TCP established hash table entries: 16384 (order: 5, 131072 bytes, linear)
[    2.771891] TCP bind hash table entries: 16384 (order: 8, 1179648 bytes, linear)
[    2.773223] TCP: Hash tables configured (established 16384 bind 16384)
[    2.774068] UDP hash table entries: 1024 (order: 5, 163840 bytes, linear)
[    2.774893] UDP-Lite hash table entries: 1024 (order: 5, 163840 bytes, linear)
[    2.776123] NET: Registered protocol family 1
[    2.778058] RPC: Registered named UNIX socket transport module.
[    2.778795] RPC: Registered udp transport module.
[    2.779298] RPC: Registered tcp transport module.
[    2.779809] RPC: Registered tcp NFSv4.1 backchannel transport module.
[    2.780508] pci_bus 0000:00: resource 4 [io  0x0000-0x0cf7 window]
[    2.781176] pci_bus 0000:00: resource 5 [io  0x0d00-0xffff window]
[    2.781844] pci_bus 0000:00: resource 6 [mem 0x000a0000-0x000bffff window]
[    2.782593] pci_bus 0000:00: resource 7 [mem 0x80000000-0xfebfffff window]
[    2.783324] pci_bus 0000:00: resource 8 [mem 0x100000000-0x17fffffff window]
[    2.784431] pci 0000:00:01.0: PIIX3: Enabling Passive Release
[    2.785054] pci 0000:00:00.0: Limiting direct PCI/PCI transfers
[    2.785698] pci 0000:00:01.0: Activating ISA DMA hang workarounds
[    2.786414] pci 0000:00:02.0: Video device with shadowed ROM at [mem 0x000c0000-0x000dffff]
[    2.787326] PCI: CLS 0 bytes, default 64
[    2.788389] clocksource: tsc: mask: 0xffffffffffffffff max_cycles: 0x240939f1bb2, max_idle_ns: 440795263295 ns
[    2.790792] check: Scanning for low memory corruption every 60 seconds
[    2.796114] Initialise system trusted keyrings
[    2.796700] Key type blacklist registered
[    2.797491] workingset: timestamp_bits=36 max_order=19 bucket_order=0
[    2.814454] zbud: loaded
[    2.819223] squashfs: version 4.0 (2009/01/31) Phillip Lougher
[    2.823152] NFS: Registering the id_resolver key type
[    2.823721] Key type id_resolver registered
[    2.824168] Key type id_legacy registered
[    2.824776] nfs4filelayout_init: NFSv4 File Layout Driver Registering...
[    2.825509] nfs4flexfilelayout_init: NFSv4 Flexfile Layout Driver Registering...
[    2.826919] fuse: init (API version 7.33)
[    2.828372] SGI XFS with ACLs, security attributes, realtime, quota, no debug enabled
[    2.832698] 9p: Installing v9fs 9p2000 file system support
[    2.842224] Key type asymmetric registered
[    2.842728] Asymmetric key parser 'x509' registered
[    2.843318] Block layer SCSI generic (bsg) driver version 0.4 loaded (major 244)
[    2.844598] io scheduler mq-deadline registered
[    2.845426] io scheduler bfq registered
[    2.847302] shpchp: Standard Hot Plug PCI Controller Driver version: 0.4
[    2.848591] IPMI message handler: version 39.2
[    2.849136] ipmi device interface
[    2.851352] input: Power Button as /devices/LNXSYSTM:00/LNXPWRBN:00/input/input0
[    2.852603] ACPI: button: Power Button [PWRF]
[    2.854500] ERST DBG: ERST support is disabled.
[    2.856059] Serial: 8250/16550 driver, 32 ports, IRQ sharing enabled
[    2.857373] 00:04: ttyS0 at I/O 0x3f8 (irq = 4, base_baud = 115200) is a 16550A
[    2.877599] Linux agpgart interface v0.103
[    2.899715] brd: module loaded
[    2.914376] loop: module loaded
[    2.923568] scsi host0: ata_piix
[    2.925589] scsi host1: ata_piix
[    2.926292] ata1: PATA max MWDMA2 cmd 0x1f0 ctl 0x3f6 bmdma 0xc040 irq 14
[    2.927041] ata2: PATA max MWDMA2 cmd 0x170 ctl 0x376 bmdma 0xc048 irq 15
[    2.928798] libphy: Fixed MDIO Bus: probed
[    2.929704] tun: Universal TUN/TAP device driver, 1.6
[    2.930837] e100: Intel(R) PRO/100 Network Driver
[    2.931365] e100: Copyright(c) 1999-2006 Intel Corporation
[    2.932015] e1000: Intel(R) PRO/1000 Network Driver
[    2.932529] e1000: Copyright (c) 1999-2006 Intel Corporation.
[    3.087385] ata1.00: ATA-7: QEMU HARDDISK, 2.5+, max UDMA/100
[    3.088024] ata1.00: 17196647 sectors, multi 16: LBA48 
[    3.090028] scsi 0:0:0:0: Direct-Access     ATA      QEMU HARDDISK    2.5+ PQ: 0 ANSI: 5
[    3.092281] ata2.00: ATAPI: QEMU DVD-ROM, 2.5+, max UDMA/100
[    3.093143] scsi 0:0:0:0: Attached scsi generic sg0 type 0
[    3.095129] scsi 1:0:0:0: CD-ROM            QEMU     QEMU DVD-ROM     2.5+ PQ: 0 ANSI: 5
[    3.097131] scsi 1:0:0:0: Attached scsi generic sg1 type 5
[    3.098432] sd 0:0:0:0: [sda] 17196647 512-byte logical blocks: (8.80 GB/8.20 GiB)
[    3.099352] sd 0:0:0:0: [sda] Write Protect is off
[    3.099931] sd 0:0:0:0: [sda] Write cache: enabled, read cache: enabled, doesn't support DPO or FUA
[    3.178917] sd 0:0:0:0: [sda] Attached SCSI disk
[    3.625680] PCI Interrupt Link [LNKC] enabled at IRQ 11
[    3.962864] e1000 0000:00:03.0 eth0: (PCI:33MHz:32-bit) 52:54:00:12:34:56
[    3.963614] e1000 0000:00:03.0 eth0: Intel(R) PRO/1000 Network Connection
[    3.964449] e1000e: Intel(R) PRO/1000 Network Driver
[    3.964975] e1000e: Copyright(c) 1999 - 2015 Intel Corporation.
[    3.965668] igb: Intel(R) Gigabit Ethernet Network Driver
[    3.966230] igb: Copyright (c) 2007-2014 Intel Corporation.
[    3.966987] PPP generic driver version 2.4.2
[    3.968537] VFIO - User Level meta-driver version: 0.3
[    3.969224] ehci_hcd: USB 2.0 'Enhanced' Host Controller (EHCI) Driver
[    3.969937] ehci-pci: EHCI PCI platform driver
[    3.970463] ehci-platform: EHCI generic platform driver
[    3.971079] ohci_hcd: USB 1.1 'Open' Host Controller (OHCI) Driver
[    3.971745] ohci-pci: OHCI PCI platform driver
[    3.972260] ohci-platform: OHCI generic platform driver
[    3.972848] uhci_hcd: USB Universal Host Controller Interface driver
[    3.974362] usbcore: registered new interface driver uas
[    3.975134] usbcore: registered new interface driver usb-storage
[    3.975952] i8042: PNP: PS/2 Controller [PNP0303:KBD,PNP0f13:MOU] at 0x60,0x64 irq 1,12
[    3.978015] serio: i8042 KBD port at 0x60,0x64 irq 1
[    3.978656] serio: i8042 AUX port at 0x60,0x64 irq 12
[    3.980637] mousedev: PS/2 mouse device common for all mice
[    3.982344] input: AT Translated Set 2 keyboard as /devices/platform/i8042/serio0/input/input1
[    3.983003] rtc_cmos 00:05: RTC can wake from S4
[    3.985510] input: VirtualPS/2 VMware VMMouse as /devices/platform/i8042/serio1/input/input4
[    3.985526] rtc_cmos 00:05: registered as rtc0
[    3.987350] rtc_cmos 00:05: setting system clock to 2026-05-06T01:23:12 UTC (1778030592)
[    3.988417] rtc_cmos 00:05: alarms up to one day, y3k, 242 bytes nvram, hpet irqs
[    3.989280] i2c /dev entries driver
[    3.989900] device-mapper: uevent: version 1.0.3
[    3.990827] input: VirtualPS/2 VMware VMMouse as /devices/platform/i8042/serio1/input/input3
[    3.991173] device-mapper: ioctl: 4.44.0-ioctl (2021-02-01) initialised: dm-devel@redhat.com
[    3.992675] intel_pstate: CPU model not supported
[    3.993322] sdhci: Secure Digital Host Controller Interface driver
[    3.993969] sdhci: Copyright(c) Pierre Ossman
[    3.994553] sdhci-pltfm: SDHCI platform and OF driver helper
[    3.995427] ledtrig-cpu: registered to indicate activity on CPUs
[    3.996210] drop_monitor: Initializing network drop monitor service
[    3.997942] NET: Registered protocol family 10
[    4.002689] Segment Routing with IPv6
[    4.003147] NET: Registered protocol family 17
[    4.004413] 9pnet: Installing 9P2000 support
[    4.004979] Key type dns_resolver registered
[    4.006412] IPI shorthand broadcast: enabled
[    4.006976] sched_clock: Marking stable (3991316844, 15573242)->(4042990033, -36099947)
[    4.008483] registered taskstats version 1
[    4.008996] Loading compiled-in X.509 certificates
[    4.009913] zswap: loaded using pool lzo/zbud
[    4.011211] Key type ._fscrypt registered
[    4.011688] Key type .fscrypt registered
[    4.012103] Key type fscrypt-provisioning registered
[    4.014316] Key type encrypted registered
[    4.014876] ima: No TPM chip found, activating TPM-bypass!
[    4.015469] ima: Allocated hash algorithm: sha1
[    4.016078] ima: No architecture policies found
[    4.016649] evm: Initialising EVM extended attributes:
[    4.017190] evm: security.selinux
[    4.017544] evm: security.SMACK64
[    4.017906] evm: security.SMACK64EXEC
[    4.018296] evm: security.SMACK64TRANSMUTE
[    4.018768] evm: security.SMACK64MMAP
[    4.019155] evm: security.apparmor
[    4.019519] evm: security.ima
[    4.019842] evm: security.capability
[    4.020223] evm: HMAC attrs: 0x1
[    4.024114] PM:   Magic number: 10:369:356
[    4.024571] input event2: hash matches
[    4.025738] RAS: Correctable Errors collector initialized.
[    4.027507] md: Waiting for all devices to be available before autodetect
[    4.028246] md: If you don't use raid, use raid=noautodetect
[    4.028858] md: Autodetecting RAID arrays.
[    4.029306] md: autorun ...
[    4.029620] md: ... autorun DONE.
[    4.037619] EXT4-fs (sda): INFO: recovery required on readonly filesystem
[    4.038362] EXT4-fs (sda): write access will be enabled during recovery
[    4.226388] EXT4-fs (sda): recovery complete
[    4.229441] random: fast init done
[    4.230604] EXT4-fs (sda): mounted filesystem with ordered data mode. Opts: (null). Quota mode: none.
[    4.231608] VFS: Mounted root (ext4 filesystem) readonly on device 8:0.
[    4.233429] devtmpfs: mounted
[    4.254349] Freeing unused decrypted memory: 2036K
[    4.256648] Freeing unused kernel image (initmem) memory: 3704K
[    4.257334] Write protecting the kernel read-only data: 79872k
[    4.261232] Freeing unused kernel image (text/rodata gap) memory: 2028K
[    4.262854] Freeing unused kernel image (rodata/data gap) memory: 1160K
[    5.671685] x86/mm: Checked W+X mappings: passed, no W+X pages found.
[    5.672655] Run /sbin/init as init process
[    5.861578] systemd[1]: systemd 252-15.el9 running in system mode (+PAM +AUDIT +SELINUX -APPARMOR +IMA +SMACK +SECCOMP +GCRYPT +GNUTLS +OPENSSL +ACL +BLKID +CURL +ELFUTILS -FIDO2 +IDN2 -IDN -IPTC +KMOD +LIBCRYPTSETUP +LIBFDISK +PCRE2 -PWQUALITY +P11KIT -QRENCODE +TPM2 +BZIP2 +LZ4 +XZ +ZLIB +ZSTD -BPF_FRAMEWORK +XKBCOMMON +UTMP +SYSVINIT default-hierarchy=unified)
[    5.865019] systemd[1]: Detected virtualization kvm.
[    5.865561] systemd[1]: Detected architecture x86-64.

Welcome to [0;31mCentOS Stream 9[0m!

[    5.869606] systemd[1]: Hostname set to <test>.
[    6.033793] systemd-rc-local-generator[154]: /etc/rc.d/rc.local is not marked executable, skipping.
[    6.511046] systemd[1]: Queued start job for default target Multi-User System.
[    6.517010] systemd[1]: Created slice Virtual Machine and Container Slice.
[[0;32m  OK  [0m] Created slice [0;1;39mVirtual Machine and Container Slice[0m.
[    6.521664] systemd[1]: Created slice Slice /system/getty.
[[0;32m  OK  [0m] Created slice [0;1;39mSlice /system/getty[0m.
[    6.525561] systemd[1]: Created slice Slice /system/modprobe.
[[0;32m  OK  [0m] Created slice [0;1;39mSlice /system/modprobe[0m.
[    6.528455] systemd[1]: Created slice Slice /system/serial-getty.
[[0;32m  OK  [0m] Created slice [0;1;39mSlice /system/serial-getty[0m.
[    6.531383] systemd[1]: Created slice Slice /system/sshd-keygen.
[[0;32m  OK  [0m] Created slice [0;1;39mSlice /system/sshd-keygen[0m.
[    6.534802] systemd[1]: Created slice User and Session Slice.
[[0;32m  OK  [0m] Created slice [0;1;39mUser and Session Slice[0m.
[    6.536554] systemd[1]: Started Forward Password Requests to Wall Directory Watch.
[[0;32m  OK  [0m] Started [0;1;39mForward Password R…uests to Wall Directory Watch[0m.
[    6.539253] systemd[1]: Set up automount Arbitrary Executable File Formats File System Automount Point.
[[0;32m  OK  [0m] Set up automount [0;1;39mArbitrary…s File System Automount Point[0m.
[    6.541224] systemd[1]: Reached target Local Integrity Protected Volumes.
[[0;32m  OK  [0m] Reached target [0;1;39mLocal Integrity Protected Volumes[0m.
[    6.542873] systemd[1]: Reached target Slice Units.
[[0;32m  OK  [0m] Reached target [0;1;39mSlice Units[0m.
[    6.544043] systemd[1]: Reached target Swaps.
[[0;32m  OK  [0m] Reached target [0;1;39mSwaps[0m.
[    6.545121] systemd[1]: Reached target Local Verity Protected Volumes.
[[0;32m  OK  [0m] Reached target [0;1;39mLocal Verity Protected Volumes[0m.
[    6.546932] systemd[1]: Listening on Device-mapper event daemon FIFOs.
[[0;32m  OK  [0m] Listening on [0;1;39mDevice-mapper event daemon FIFOs[0m.
[    6.548948] systemd[1]: Listening on LVM2 poll daemon socket.
[[0;32m  OK  [0m] Listening on [0;1;39mLVM2 poll daemon socket[0m.
[    6.550490] systemd[1]: multipathd control socket was skipped because of an unmet condition check (ConditionPathExists=/etc/multipath.conf).
[    6.577543] systemd[1]: Listening on RPCbind Server Activation Socket.
[[0;32m  OK  [0m] Listening on [0;1;39mRPCbind Server Activation Socket[0m.
[    6.579236] systemd[1]: Reached target RPC Port Mapper.
[[0;32m  OK  [0m] Reached target [0;1;39mRPC Port Mapper[0m.
[    6.582817] systemd[1]: Listening on Process Core Dump Socket.
[[0;32m  OK  [0m] Listening on [0;1;39mProcess Core Dump Socket[0m.
[    6.584437] systemd[1]: Listening on initctl Compatibility Named Pipe.
[[0;32m  OK  [0m] Listening on [0;1;39minitctl Compatibility Named Pipe[0m.
[    6.586635] systemd[1]: Listening on Journal Socket (/dev/log).
[[0;32m  OK  [0m] Listening on [0;1;39mJournal Socket (/dev/log)[0m.
[    6.588569] systemd[1]: Listening on Journal Socket.
[[0;32m  OK  [0m] Listening on [0;1;39mJournal Socket[0m.
[    6.590403] systemd[1]: Listening on udev Control Socket.
[[0;32m  OK  [0m] Listening on [0;1;39mudev Control Socket[0m.
[    6.592181] systemd[1]: Listening on udev Kernel Socket.
[[0;32m  OK  [0m] Listening on [0;1;39mudev Kernel Socket[0m.
[    6.598321] systemd[1]: Mounting Huge Pages File System...
         Mounting [0;1;39mHuge Pages File System[0m...
[    6.606260] systemd[1]: Mounting POSIX Message Queue File System...
         Mounting [0;1;39mPOSIX Message Queue File System[0m...
[    6.612493] systemd[1]: Mounting Kernel Debug File System...
         Mounting [0;1;39mKernel Debug File System[0m...
[    6.618670] systemd[1]: Mounting Kernel Trace File System...
         Mounting [0;1;39mKernel Trace File System[0m...
[    6.626660] systemd[1]: Kernel Module supporting RPCSEC_GSS was skipped because of an unmet condition check (ConditionPathExists=/etc/krb5.keytab).
[    6.628145] systemd[1]: Create List of Static Device Nodes was skipped because of an unmet condition check (ConditionFileNotEmpty=/lib/modules/5.12.0-v5.12/modules.devname).
[    6.634200] systemd[1]: Starting Monitoring of LVM2 mirrors, snapshots etc. using dmeventd or progress polling...
         Starting [0;1;39mMonitoring of LVM…meventd or progress polling[0m...
[    6.641078] systemd[1]: Starting Load Kernel Module configfs...
         Starting [0;1;39mLoad Kernel Module configfs[0m...
[    6.647930] systemd[1]: Starting Load Kernel Module drm...
         Starting [0;1;39mLoad Kernel Module drm[0m...
[    6.662757] systemd[1]: Starting Load Kernel Module fuse...
         Starting [0;1;39mLoad Kernel Module fuse[0m...
[    6.669635] systemd[1]: Starting Read and set NIS domainname from /etc/sysconfig/network...
         Starting [0;1;39mRead and set NIS …from /etc/sysconfig/network[0m...
[    6.681095] systemd[1]: Starting Journal Service...
         Starting [0;1;39mJournal Service[0m...
[    6.692383] systemd[1]: Starting Load Kernel Modules...
         Starting [0;1;39mLoad Kernel Modules[0m...
[    6.701803] systemd[1]: Starting Generate network units from Kernel command line...
         Starting [0;1;39mGenerate network …ts from Kernel command line[0m...
[    6.722851] systemd[1]: Starting Remount Root and Kernel File Systems...
         Starting [0;1;39mRemount Root and Kernel File Systems[0m...
[    6.724679] systemd[1]: Repartition Root Disk was skipped because no trigger condition checks were met.
[    6.738284] random: lvm: uninitialized urandom read (4 bytes read)
[    6.746980] systemd[1]: Starting Coldplug All udev Devices...
         Starting [0;1;39mColdplug All udev Devices[0m...
[    6.779750] systemd[1]: Mounted Huge Pages File System.
[[0;32m  OK  [0m] Mounted [0;1;39mHuge Pages File System[0m.
[    6.781534] systemd[1]: Mounted POSIX Message Queue File System.
[[0;32m  OK  [0m] Mounted [0;1;39mPOSIX Message Queue File System[0m.
[    6.787954] systemd[1]: Mounted Kernel Debug File System.
[[0;32m  OK  [0m] Mounted [0;1;39mKernel Debug File System[0m.
[    6.792056] systemd[1]: Mounted Kernel Trace File System.
[[0;32m  OK  [0m] Mounted [0;1;39mKernel Trace File System[0m.
[    6.793545] EXT4-fs (sda): re-mounted. Opts: (null). Quota mode: none.
[    6.805021] systemd[1]: modprobe@configfs.service: Deactivated successfully.
[    6.811012] systemd[1]: Finished Load Kernel Module configfs.
[[0;32m  OK  [0m] Finished [0;1;39mLoad Kernel Module configfs[0m.
[    6.816497] systemd[1]: modprobe@drm.service: Deactivated successfully.
[    6.822642] systemd[1]: Finished Load Kernel Module drm.
[[0;32m  OK  [0m] Finished [0;1;39mLoad Kernel Module drm[0m.
[    6.825294] systemd[1]: modprobe@fuse.service: Deactivated successfully.
[    6.830747] systemd[1]: Finished Load Kernel Module fuse.
[[0;32m  OK  [0m] Finished [0;1;39mLoad Kernel Module fuse[0m.
[    6.835467] systemd[1]: Finished Read and set NIS domainname from /etc/sysconfig/network.
[[0;32m  OK  [0m] Finished [0;1;39mRead and set NIS …e from /etc/sysconfig/network[0m.
[    6.845538] systemd[1]: systemd-modules-load.service: Main process exited, code=exited, status=1/FAILURE
[    6.847300] systemd[1]: systemd-modules-load.service: Failed with result 'exit-code'.
[    6.851143] systemd[1]: Failed to start Load Kernel Modules.
[[0;1;31mFAILED[0m] Failed to start [0;1;39mLoad Kernel Modules[0m.
See 'systemctl status systemd-modules-load.service' for details.
[    6.858840] systemd[1]: Finished Monitoring of LVM2 mirrors, snapshots etc. using dmeventd or progress polling.
[[0;32m  OK  [0m] Finished [0;1;39mMonitoring of LVM… dmeventd or progress polling[0m.
[    6.867108] systemd[1]: Finished Generate network units from Kernel command line.
[[0;32m  OK  [0m] Finished [0;1;39mGenerate network units from Kernel command line[0m.
[    6.875154] systemd[1]: Finished Remount Root and Kernel File Systems.
[[0;32m  OK  [0m] Finished [0;1;39mRemount Root and Kernel File Systems[0m.
[    6.877094] systemd[1]: Started Journal Service.
[[0;32m  OK  [0m] Started [0;1;39mJournal Service[0m.
[[0;32m  OK  [0m] Reached target [0;1;39mPreparation for Network[0m.
         Mounting [0;1;39mFUSE Control File System[0m...
         Mounting [0;1;39mKernel Configuration File System[0m...
         Starting [0;1;39mFlush Journal to Persistent Storage[0m...
         Starting [0;1;39mLoad/Save Random Seed[0m...
         Starting [0;1;39mApply Kernel Variables[0m...
[    6.948792] systemd-journald[181]: Received client request to flush runtime journal.
         Starting [0;1;39mCreate Static Device Nodes in /dev[0m...
         Starting [0;1;39mSetup Virtual Console[0m...
[[0;32m  OK  [0m] Mounted [0;1;39mFUSE Control File System[0m.
[[0;32m  OK  [0m] Mounted [0;1;39mKernel Configuration File System[0m.
[[0;32m  OK  [0m] Finished [0;1;39mFlush Journal to Persistent Storage[0m.
[[0;32m  OK  [0m] Finished [0;1;39mApply Kernel Variables[0m.
[[0;32m  OK  [0m] Finished [0;1;39mCreate Static Device Nodes in /dev[0m.
         Starting [0;1;39mRule-based Manage…for Device Events and Files[0m...
[[0;32m  OK  [0m] Started [0;1;39mRule-based Manager for Device Events and Files[0m.
         Starting [0;1;39mAuto-connect to s…E devices found during boot[0m...
[[0;32m  OK  [0m] Finished [0;1;39mAuto-connect to s…VME devices found during boot[0m.
[[0;32m  OK  [0m] Finished [0;1;39mSetup Virtual Console[0m.
[[0;32m  OK  [0m] Finished [0;1;39mColdplug All udev Devices[0m.
         Starting [0;1;39mShow Plymouth Boot Screen[0m...
         Starting [0;1;39mWait for udev To …plete Device Initialization[0m...
[2J[3J[-1;-1f[[0;32m  OK  [0m] Started [0;1;39mShow Plymouth Boot Screen[0m.
[[0;32m  OK  [0m] Started [0;1;39mForward Password R…s to Plymouth Directory Watch[0m.
[[0;32m  OK  [0m] Reached target [0;1;39mLocal Encrypted Volumes[0m.
[[0;32m  OK  [0m] Reached target [0;1;39mPath Units[0m.
[[0;32m  OK  [0m] Found device [0;1;39m/dev/ttyS0[0m.
[    8.458686] random: crng init done
[[0;32m  OK  [0m] Finished [0;1;39mLoad/Save Random Seed[0m.
[[0;32m  OK  [0m] Listening on [0;1;39mLoad/Save RF …itch Status /dev/rfkill Watch[0m.
[[0;32m  OK  [0m] Finished [0;1;39mWait for udev To Complete Device Initialization[0m.
[[0;32m  OK  [0m] Reached target [0;1;39mPreparation for Local File Systems[0m.
[[0;32m  OK  [0m] Reached target [0;1;39mLocal File Systems[0m.
         Starting [0;1;39mTell Plymouth To Write Out Runtime Data[0m...
         Starting [0;1;39mAutomatic Boot Loader Update[0m...
         Starting [0;1;39mCreate Volatile Files and Directories[0m...
[[0;32m  OK  [0m] Finished [0;1;39mTell Plymouth To Write Out Runtime Data[0m.
[[0;32m  OK  [0m] Finished [0;1;39mAutomatic Boot Loader Update[0m.
[[0;32m  OK  [0m] Finished [0;1;39mCreate Volatile Files and Directories[0m.
         Mounting [0;1;39mRPC Pipe File System[0m...
         Starting [0;1;39mSecurity Auditing Service[0m...
         Starting [0;1;39mRPC Bind[0m...
[[0;32m  OK  [0m] Mounted [0;1;39mRPC Pipe File System[0m.
[[0;32m  OK  [0m] Reached target [0;1;39mrpc_pipefs.target[0m.
[[0;32m  OK  [0m] Started [0;1;39mRPC Bind[0m.
[[0;32m  OK  [0m] Started [0;1;39mSecurity Auditing Service[0m.
         Starting [0;1;39mRecord System Boot/Shutdown in UTMP[0m...
[[0;32m  OK  [0m] Finished [0;1;39mRecord System Boot/Shutdown in UTMP[0m.
[[0;32m  OK  [0m] Reached target [0;1;39mSystem Initialization[0m.
[[0;32m  OK  [0m] Started [0;1;39mDaily rotation of log files[0m.
[[0;32m  OK  [0m] Started [0;1;39mUpdates mlocate database every day[0m.
[[0;32m  OK  [0m] Started [0;1;39mDaily Cleanup of Temporary Directories[0m.
[[0;32m  OK  [0m] Started [0;1;39mdaily update of the root trust anchor for DNSSEC[0m.
[[0;32m  OK  [0m] Reached target [0;1;39mTimer Units[0m.
[[0;32m  OK  [0m] Listening on [0;1;39mD-Bus System Message Bus Socket[0m.
[[0;32m  OK  [0m] Listening on [0;1;39mOpen-iSCSI iscsid Socket[0m.
[[0;32m  OK  [0m] Listening on [0;1;39mOpen-iSCSI iscsiuio Socket[0m.
[[0;32m  OK  [0m] Listening on [0;1;39mSSSD Kerberos…ache Manager responder socket[0m.
[[0;32m  OK  [0m] Listening on [0;1;39mLibvirt interface local socket[0m.
[[0;32m  OK  [0m] Listening on [0;1;39mVirtual machine lock manager socket[0m.
[[0;32m  OK  [0m] Listening on [0;1;39mVirtual machine log manager socket[0m.
[[0;32m  OK  [0m] Listening on [0;1;39mLibvirt network local socket[0m.
[[0;32m  OK  [0m] Listening on [0;1;39mLibvirt nodedev local socket[0m.
[[0;32m  OK  [0m] Listening on [0;1;39mLibvirt nwfilter local socket[0m.
[[0;32m  OK  [0m] Listening on [0;1;39mLibvirt proxy local socket[0m.
[[0;32m  OK  [0m] Listening on [0;1;39mLibvirt qemu local socket[0m.
[[0;32m  OK  [0m] Listening on [0;1;39mLibvirt qemu admin socket[0m.
[[0;32m  OK  [0m] Listening on [0;1;39mLibvirt qemu local read-only socket[0m.
[[0;32m  OK  [0m] Listening on [0;1;39mLibvirt secret local socket[0m.
[[0;32m  OK  [0m] Listening on [0;1;39mLibvirt storage local socket[0m.
[[0;32m  OK  [0m] Reached target [0;1;39mSocket Units[0m.
         Starting [0;1;39mD-Bus System Message Bus[0m...
[[0;32m  OK  [0m] Started [0;1;39mD-Bus System Message Bus[0m.
[[0;32m  OK  [0m] Reached target [0;1;39mBasic System[0m.
         Starting [0;1;39mNetwork Manager[0m...
         Starting [0;1;39mNTP client/server[0m...
         Starting [0;1;39mRestore /run/initramfs on shutdown[0m...
[[0;32m  OK  [0m] Started [0;1;39mirqbalance daemon[0m.
[[0;32m  OK  [0m] Started [0;1;39mlibstoragemgmt plug-in server daemon[0m.
[[0;32m  OK  [0m] Started [0;1;39mMachine Check Exception Logging Daemon[0m.
[[0;32m  OK  [0m] Reached target [0;1;39msshd-keygen.target[0m.
[[0;32m  OK  [0m] Reached target [0;1;39mUser and Group Name Lookups[0m.
         Starting [0;1;39mUser Login Management[0m...
         Starting [0;1;39mVirtual Machine a…tainer Registration Service[0m...
[[0;32m  OK  [0m] Finished [0;1;39mRestore /run/initramfs on shutdown[0m.
[[0;32m  OK  [0m] Started [0;1;39mVirtual Machine an…ontainer Registration Service[0m.
[[0;32m  OK  [0m] Started [0;1;39mUser Login Management[0m.
[[0;32m  OK  [0m] Started [0;1;39mNTP client/server[0m.
         Starting [0;1;39mHostname Service[0m...
[[0;32m  OK  [0m] Started [0;1;39mHostname Service[0m.
         Starting [0;1;39mNetwork Manager Script Dispatcher Service[0m...
[[0;32m  OK  [0m] Started [0;1;39mNetwork Manager Script Dispatcher Service[0m.
[   10.570771] e1000: eth0 NIC Link is Up 1000 Mbps Full Duplex, Flow Control: RX
[   10.572087] IPv6: ADDRCONF(NETDEV_CHANGE): eth0: link becomes ready
[[0;32m  OK  [0m] Started [0;1;39mNetwork Manager[0m.
[[0;32m  OK  [0m] Reached target [0;1;39mNetwork[0m.
[[0;32m  OK  [0m] Reached target [0;1;39mNetwork is Online[0m.
         Starting [0;1;39mGSSAPI Proxy Daemon[0m...
         Starting [0;1;39mNotify NFS peers of a restart[0m...
         Starting [0;1;39mSystem Logging Service[0m...
         Starting [0;1;39mOpenSSH server daemon[0m...
         Starting [0;1;39mDynamic System Tuning Daemon[0m...
[[0;32m  OK  [0m] Started [0;1;39mNotify NFS peers of a restart[0m.
[[0;32m  OK  [0m] Started [0;1;39mGSSAPI Proxy Daemon[0m.
[[0;32m  OK  [0m] Reached target [0;1;39mNFS client services[0m.
[[0;32m  OK  [0m] Reached target [0;1;39mPreparation for Remote File Systems[0m.
[[0;32m  OK  [0m] Reached target [0;1;39mRemote File Systems[0m.
         Starting [0;1;39mPermit User Sessions[0m...
         Starting [0;1;39mVirtualization qemu daemon[0m...
[[0;32m  OK  [0m] Started [0;1;39mOpenSSH server daemon[0m.
[[0;32m  OK  [0m] Finished [0;1;39mPermit User Sessions[0m.
[[0;32m  OK  [0m] Started [0;1;39mDeferred execution scheduler[0m.
[[0;32m  OK  [0m] Started [0;1;39mCommand Scheduler[0m.
         Starting [0;1;39mHold until boot process finishes up[0m...
         Starting [0;1;39mTerminate Plymouth Boot Screen[0m...
[[0;32m  OK  [0m] Started [0;1;39mSystem Logging Service[0m.

CentOS Stream 9
Kernel 5.12.0-v5.12 on an x86_64

Activate the web console with: systemctl enable --now cockpit.socket

test login: 